[
    {
        "wazuh": {
            "queue": 49,
            "location": "[001] (ubuntu-agent) any->/var/log/sophos/xg.log",
            "message": "device=\"SFW\" date=2020-05-18 time=14:38:48 timezone=\"CEST\" device_name=\"XG230\" device_id=1234567890123456 log_id=041101618035 log_type=\"Anti-Spam\" log_component=\"SMTP\" log_subtype=\"Allowed\" status=\"\" priority=Information fw_rule_id=0 user_name=\"\" av_policy_name=\"None\" from_email_address=\"firewall@firewallgate.com\" to_email_address=\"Sysadmin@elasticuser.com\" email_subject=\"*ALERT* Sophos XG Firewall\" mailid=\"qkW2Y6-LxBk6U-vH-1590055245\" mailsize=19728 spamaction=\"QUEUED\" reason=\"Email has been accepted by Device and queued for scanning.\" src_domainname=\"elasticuser.com\" dst_domainname=\"\" src_ip=\"\" src_country_code=\"\" dst_ip=\"\" dst_country_code=\"\" protocol=\"TCP\" src_port=0 dst_port=0 sent_bytes=0 recv_bytes=0 quarantine_reason=\"Other\"",
            "origin": "/var/log/sophos/xg.log",
            "registered_ip": "any",
            "decoders": [
                "core-ossec-message",
                "core-localfile",
                "integrations",
                "sophos-antispam"
            ],
            "source": "logcollector"
        },
        "agent": {
            "id": "001",
            "name": "ubuntu-agent",
            "type": "wazuh"
        },
        "event": {
            "original": "device=\"SFW\" date=2020-05-18 time=14:38:48 timezone=\"CEST\" device_name=\"XG230\" device_id=1234567890123456 log_id=041101618035 log_type=\"Anti-Spam\" log_component=\"SMTP\" log_subtype=\"Allowed\" status=\"\" priority=Information fw_rule_id=0 user_name=\"\" av_policy_name=\"None\" from_email_address=\"firewall@firewallgate.com\" to_email_address=\"Sysadmin@elasticuser.com\" email_subject=\"*ALERT* Sophos XG Firewall\" mailid=\"qkW2Y6-LxBk6U-vH-1590055245\" mailsize=19728 spamaction=\"QUEUED\" reason=\"Email has been accepted by Device and queued for scanning.\" src_domainname=\"elasticuser.com\" dst_domainname=\"\" src_ip=\"\" src_country_code=\"\" dst_ip=\"\" dst_country_code=\"\" protocol=\"TCP\" src_port=0 dst_port=0 sent_bytes=0 recv_bytes=0 quarantine_reason=\"Other\"",
            "action": "allowed",
            "category": [
                "network",
                "malware",
                "intrusion_detection"
            ],
            "code": 41101618035,
            "dataset": "sophos.xg",
            "end": "2020-05-18T14:38:48",
            "kind": "event",
            "module": "sophos",
            "outcome": "success",
            "reason": "Email has been accepted by Device and queued for scanning.",
            "severity": 6,
            "timezone": "CEST",
            "type": [
                "allowed",
                "denied",
                "connection",
                "info"
            ]
        },
        "host": {
            "id": "001"
        },
        "\\@timestamp": "2020-05-18T14:38:48",
        "destination": {
            "bytes": 0,
            "ip": " ",
            "port": 0,
            "user": {
                "email": "Sysadmin@elasticuser.com"
            }
        },
        "fileset": {
            "name": "xg"
        },
        "input": {
            "type": "log"
        },
        "log": {
            "level": "Information"
        },
        "network": {
            "bytes": 0,
            "protocol": "SMTP",
            "transport": "TCP"
        },
        "observer": {
            "product": "XG",
            "serial_number": 1234567890123456,
            "type": "firewall",
            "vendor": "Sophos"
        },
        "related": {
            "hosts": [
                "elasticuser.com"
            ],
            "ip": [
                " ",
                " "
            ]
        },
        "service": {
            "type": "Sophos"
        },
        "sophos": {
            "xg": {
                "av_policy_name": "None",
                "device": "SFW",
                "device_name": "XG230",
                "dst_country_code": " ",
                "email_subject": "*ALERT* Sophos XG Firewall",
                "fw_rule_id": 0,
                "log_component": "SMTP",
                "log_id": 41101618035,
                "log_subtype": "Allowed",
                "log_type": "Anti-Spam",
                "mailid": "qkW2Y6-LxBk6U-vH-1590055245",
                "mailsize": 19728,
                "priority": "Information",
                "quarantine_reason": "Other",
                "spamaction": "QUEUED",
                "src_country_code": " ",
                "status": " ",
                "user_name": " "
            }
        },
        "source": {
            "bytes": 0,
            "domain": "elasticuser.com",
            "ip": " ",
            "port": 0,
            "user": {
                "email": "firewall@firewallgate.com"
            }
        },
        "tags": [
            "forwarded",
            "preserve_original_event",
            "sophos-xg"
        ]
    }
]
