[
    {
        "wazuh": {
            "queue": 49,
            "location": "[001] (ubuntu-agent) any->/var/log/sophos/xg.log",
            "message": "device=\"SFW\" date=2020-05-18 time=14:38:53 timezone=\"CEST\" device_name=\"XG230\" device_id=1234567890123456 log_id=050901616001 log_type=\"Content Filtering\" log_component=\"HTTP\" log_subtype=\"Allowed\" status=\"\" priority=Information fw_rule_id=2 user_name=\"\" user_gp=\"\" iap=13 category=\"Information Technology\" category_type=\"Acceptable\" url=\"http://update.eset.com/eset_upd/ep7/dll/update.ver.signed\" contenttype=\"\" override_token=\"\" httpresponsecode=\"\" src_ip=1.128.3.4 dst_ip=91.228.167.133 protocol=\"TCP\" src_port=65391 dst_port=80 sent_bytes=980 recv_bytes=295 domain=update.eset.com exceptions=av,https,sandstorm activityname=\"\" reason=\"\" user_agent=\"EFSW Update (Windows; U; 64bit; BPC 7.1.12010.0; OS: 10.0.17763 SP 0.0 NT; TDB 45511; CL 1.1.1; x64s; APP efsw; PX 1; PUA 1; CD 1; RA 1; PEV 0; UNS 1; UBR 1158; HVCI 0; SHA256 1; WU 3; HWF: 01009DAA-757A-D666-EFD2-92DD0D501284; PLOC de_de; PCODE 211.0.0; \" status_code=\"304\" transactionid=\"\" referer=\"\" download_file_name=\"\" download_file_type=\"\" upload_file_name=\"\" upload_file_type=\"\" con_id=248426360 application=\"\" app_is_cloud=0 override_name=\"\" override_authorizer=\"\"",
            "origin": "/var/log/sophos/xg.log",
            "registered_ip": "any",
            "decoders": [
                "core-ossec-message",
                "core-localfile",
                "integrations",
                "sophos-cfilter"
            ],
            "source": "logcollector"
        },
        "agent": {
            "id": "001",
            "name": "ubuntu-agent",
            "type": "wazuh"
        },
        "event": {
            "original": "device=\"SFW\" date=2020-05-18 time=14:38:53 timezone=\"CEST\" device_name=\"XG230\" device_id=1234567890123456 log_id=050901616001 log_type=\"Content Filtering\" log_component=\"HTTP\" log_subtype=\"Allowed\" status=\"\" priority=Information fw_rule_id=2 user_name=\"\" user_gp=\"\" iap=13 category=\"Information Technology\" category_type=\"Acceptable\" url=\"http://update.eset.com/eset_upd/ep7/dll/update.ver.signed\" contenttype=\"\" override_token=\"\" httpresponsecode=\"\" src_ip=1.128.3.4 dst_ip=91.228.167.133 protocol=\"TCP\" src_port=65391 dst_port=80 sent_bytes=980 recv_bytes=295 domain=update.eset.com exceptions=av,https,sandstorm activityname=\"\" reason=\"\" user_agent=\"EFSW Update (Windows; U; 64bit; BPC 7.1.12010.0; OS: 10.0.17763 SP 0.0 NT; TDB 45511; CL 1.1.1; x64s; APP efsw; PX 1; PUA 1; CD 1; RA 1; PEV 0; UNS 1; UBR 1158; HVCI 0; SHA256 1; WU 3; HWF: 01009DAA-757A-D666-EFD2-92DD0D501284; PLOC de_de; PCODE 211.0.0; \" status_code=\"304\" transactionid=\"\" referer=\"\" download_file_name=\"\" download_file_type=\"\" upload_file_name=\"\" upload_file_type=\"\" con_id=248426360 application=\"\" app_is_cloud=0 override_name=\"\" override_authorizer=\"\"",
            "action": "allowed",
            "code": 50901616001,
            "dataset": "sophos.xg",
            "end": "2020-05-18T14:38:53",
            "kind": "event",
            "module": "sophos",
            "outcome": "success",
            "severity": 6,
            "start": "2020-05-18T14:38:53",
            "timezone": "CEST"
        },
        "host": {
            "id": "001"
        },
        "destination": {
            "bytes": 295,
            "ip": "91.228.167.133",
            "port": 80
        },
        "fileset": {
            "name": "xg"
        },
        "http": {
            "response": {
                "status_code": "304"
            }
        },
        "input": {
            "type": "log"
        },
        "log": {
            "level": "Information"
        },
        "message": "tcp",
        "observer": {
            "product": "XG",
            "serial_number": 1234567890123456,
            "type": "firewall",
            "vendor": "Sophos"
        },
        "network": {
            "protocol": "http",
            "transport": "tcp"
        },
        "service": {
            "type": "sophos"
        },
        "sophos": {
            "xg": {
                "app_is_cloud": 0,
                "category": "Information Technology",
                "category_type": "Acceptable",
                "con_id": 248426360,
                "device": "SFW",
                "device_name": "XG230",
                "exceptions": "av,https,sandstorm",
                "fw_rule_id": 2,
                "iap": 13,
                "log_component": "HTTP",
                "log_id": 50901616001,
                "log_subtype": "Allowed",
                "log_type": "Content Filtering",
                "priority": "Information",
                "status_code": "304"
            }
        },
        "source": {
            "bytes": 980,
            "ip": "1.128.3.4",
            "port": 65391
        },
        "tags": [
            "forwarded",
            "preserve_original_event",
            "sophos-xg"
        ],
        "\\@timestamp": "2020-05-18T14:38:53",
        "url": {
            "domain": "update.eset.com",
            "full": "http://update.eset.com/eset_upd/ep7/dll/update.ver.signed",
            "original": "http://update.eset.com/eset_upd/ep7/dll/update.ver.signed",
            "path": "/eset_upd/ep7/dll/update.ver.signed",
            "scheme": "http",
            "extension": "signed"
        },
        "related": {
            "ip": [
                "91.228.167.133",
                "1.128.3.4"
            ]
        },
        "user_agent": {
            "original": "EFSW Update (Windows; U; 64bit; BPC 7.1.12010.0; OS: 10.0.17763 SP 0.0 NT; TDB 45511; CL 1.1.1; x64s; APP efsw; PX 1; PUA 1; CD 1; RA 1; PEV 0; UNS 1; UBR 1158; HVCI 0; SHA256 1; WU 3; HWF: 01009DAA-757A-D666-EFD2-92DD0D501284; PLOC de_de; PCODE 211.0.0; ",
            "os": {
                "name": "Windows"
            }
        }
    }
]
