[
    {
        "wazuh": {
            "queue": 49,
            "location": "[001] (ubuntu-agent) any->/var/log/sophos/xg.log",
            "message": "device=\"SFW\" date=2020-05-18 time=14:38:55 timezone=\"CEST\" device_name=\"XG230\" device_id=1234567890123456 log_id=020804407002 log_type=\"IDP\" log_component=\"Signatures\" log_subtype=\"Drop\" priority=Warning idp_policy_id=7 fw_rule_id=23 user_name=\"\" signature_id=1616 signature_msg=\"PROTOCOL-DNS named version attempt\" classification=\"Attempted Information Leak\" rule_priority=1 src_ip=89.160.20.156 src_country_code=CHN dst_ip=67.43.156.12 dst_country_code=R1 protocol=\"UDP\" src_port=58914 dst_port=53 platform=\"BSD,Linux,Mac,Other,Solaris,Unix,Windows\" category=\"protocol-dns\" target=\"Server\"",
            "origin": "/var/log/sophos/xg.log",
            "registered_ip": "any",
            "decoders": [
                "core-ossec-message",
                "core-localfile",
                "integrations",
                "sophos-idp"
            ],
            "source": "logcollector"
        },
        "agent": {
            "id": "001",
            "name": "ubuntu-agent",
            "type": "wazuh"
        },
        "event": {
            "original": "device=\"SFW\" date=2020-05-18 time=14:38:55 timezone=\"CEST\" device_name=\"XG230\" device_id=1234567890123456 log_id=020804407002 log_type=\"IDP\" log_component=\"Signatures\" log_subtype=\"Drop\" priority=Warning idp_policy_id=7 fw_rule_id=23 user_name=\"\" signature_id=1616 signature_msg=\"PROTOCOL-DNS named version attempt\" classification=\"Attempted Information Leak\" rule_priority=1 src_ip=89.160.20.156 src_country_code=CHN dst_ip=67.43.156.12 dst_country_code=R1 protocol=\"UDP\" src_port=58914 dst_port=53 platform=\"BSD,Linux,Mac,Other,Solaris,Unix,Windows\" category=\"protocol-dns\" target=\"Server\"",
            "action": "Drop",
            "code": 20804407002,
            "dataset": "sophos.xg",
            "kind": "event",
            "module": "sophos",
            "outcome": "success",
            "severity": 4,
            "timezone": "CEST"
        },
        "host": {
            "id": "001"
        },
        "destination": {
            "ip": "67.43.156.12",
            "port": 53
        },
        "fileset": {
            "name": "xg"
        },
        "input": {
            "type": "log"
        },
        "log": {
            "level": "Warning"
        },
        "network": {
            "transport": "udp"
        },
        "observer": {
            "product": "XG",
            "serial_number": 1234567890123456,
            "type": "firewall",
            "vendor": "Sophos"
        },
        "related": {
            "ip": [
                "89.160.20.156",
                "67.43.156.12"
            ]
        },
        "rule": {
            "category": "Attempted Information Leak",
            "id": 1616,
            "name": "PROTOCOL-DNS named version attempt"
        },
        "service": {
            "type": "sophos"
        },
        "sophos": {
            "xg": {
                "category": "protocol-dns",
                "device": "SFW",
                "device_name": "XG230",
                "dst_country_code": "R1",
                "fw_rule_id": 23,
                "idp_policy_id": 7,
                "log_component": "Signatures",
                "log_id": 20804407002,
                "log_subtype": "Drop",
                "log_type": "IDP",
                "platform": "BSD,Linux,Mac,Other,Solaris,Unix,Windows",
                "priority": "Warning",
                "rule_priority": 1,
                "src_country_code": "CHN",
                "target": "Server"
            }
        },
        "source": {
            "ip": "89.160.20.156",
            "port": 58914
        },
        "tags": [
            "forwarded",
            "preserve_original_even",
            "sophos-xg"
        ],
        "\\@timestamp": "2020-05-18T14:38:55"
    }
]
