[
  {
    "agent": {
      "id": "001",
      "name": "wazuh-agent-1",
      "type": "wazuh-agent"
    },
    "event": {
      "category": [
        "process"
      ],
      "code": "1",
      "dataset": "sysmon",
      "kind": "event",
      "module": "windows",
      "provider": "Microsoft-Windows-Sysmon",
      "risk_score": 21,
      "start": "2023-09-21T00:08:55.0392191Z",
      "type": [
        "start"
      ]
    },
    "file": {
      "directory": "C:\\Windows\\System32\\WindowsPowerShell\\v1.0",
      "extension": "exe",
      "name": "powershell.exe"
    },
    "host": {
      "id": "001",
      "name": "DESKTOP-22QKO5D"
    },
    "log": {
      "level": "information"
    },
    "message": "Process Create",
    "process": {
      "args": [
        "\"C:\\WINDOWS\\system32\\logman.exe\"",
        "stop",
        "EventLog"
      ],
      "command_line": "\"C:\\WINDOWS\\system32\\logman.exe\" stop EventLog",
      "entity_id": "{23b237de-8997-650b-b207-000000002000}",
      "executable": "C:\\Windows\\System32\\logman.exe",
      "hash": {
        "md5": "1CB437D2AF203F5E3D87D32B2351926C",
        "sha1": "5A0803FF099106C568D5CAE471E73593D5577238",
        "sha256": "FBE76828087D8FAF206C584E367804428A47910BBB856B4D1BA2FBF49F9AC854"
      },
      "name": "logman.exe",
      "parent": {
        "args": [
          "\"C:\\Windows\\System32\\WindowsPowerShell\\v1.0\\powershell.exe\""
        ],
        "command_line": "\"C:\\Windows\\System32\\WindowsPowerShell\\v1.0\\powershell.exe\"",
        "entity_id": "{23b237de-6cd1-650b-0006-000000002000}",
        "executable": "C:\\Windows\\System32\\WindowsPowerShell\\v1.0\\powershell.exe",
        "name": "powershell.exe",
        "pid": 7008
      },
      "pe": {
        "company": "Microsoft Corporation",
        "description": "Performance Log Utility",
        "file_version": "10.0.19041.2193 (WinBuild.160101.0800)",
        "imphash": "468AE0E85185C7B62E8740F0B95D8D25",
        "original_file_name": "Logman.exe",
        "product": "Microsoft\u00ae Windows\u00ae Operating System"
      },
      "pid": 5420,
      "working_directory": "C:\\Users\\Positivo BGH\\Desktop\\nahuel\\"
    },
    "related": {
      "hash": [
        "SHA1=5A0803FF099106C568D5CAE471E73593D5577238",
        "MD5=1CB437D2AF203F5E3D87D32B2351926C",
        "SHA256=FBE76828087D8FAF206C584E367804428A47910BBB856B4D1BA2FBF49F9AC854",
        "IMPHASH=468AE0E85185C7B62E8740F0B95D8D25"
      ],
      "user": [
        "Positivo BGH"
      ]
    },
    "rule": {
      "description": "Identifies attempts to disable EventLog via the logman Windows utility, PowerShell, or auditpol. This is often done by attackers in an attempt to evade detection on a system.",
      "license": "Wazuh Inc.",
      "name": "Disable Windows Event and Security Logs Using Built-in Tools"
    },
    "threat": {
      "framework": "MITRE ATT&CK",
      "tactic": {
        "id": [
          "TA0005"
        ],
        "name": [
          "Defense Evasion"
        ],
        "reference": [
          "https://attack.mitre.org/tactics/TA0005/"
        ]
      },
      "technique": {
        "id": [
          "T1070",
          "T1562"
        ],
        "name": [
          "Indicator Removal",
          "Impair Defenses"
        ],
        "reference": [
          "https://attack.mitre.org/techniques/T1070/",
          "https://attack.mitre.org/techniques/T1562/"
        ],
        "subtechnique": {
          "id": [
            "T1070.001",
            "T1562.006"
          ],
          "name": [
            "Clear Windows Event Logs",
            "Indicator Blocking"
          ],
          "reference": [
            "https://attack.mitre.org/techniques/T1070/001/",
            "https://attack.mitre.org/techniques/T1562/006/"
          ]
        }
      }
    },
    "user": {
      "domain": "DESKTOP-22QKO5D",
      "id": "S-1-5-18",
      "name": "Positivo BGH"
    },
    "vulnerability": {
      "severity": "low"
    },
    "wazuh": {
      "decoders": [
        "windows-event",
        "windows-sysmon"
      ],
      "location": "[001] (wazuh-agent-1) any->EventChannel",
      "origin": "EventChannel",
      "queue": 102,
      "registered_ip": "any",
      "source": "logcollector"
    }
  }
]
