[
  {
    "agent": {
      "id": "001",
      "name": "wazuh-agent-1",
      "type": "wazuh-agent"
    },
    "event": {
      "category": [
        "file"
      ],
      "code": "23",
      "dataset": "sysmon",
      "kind": "event",
      "module": "windows",
      "provider": "Microsoft-Windows-Sysmon",
      "risk_score": 47,
      "start": "2023-09-16T23:16:03.9863345Z",
      "type": [
        "deletion"
      ]
    },
    "file": {
      "directory": "C:\\inetpub\\logs\\LogFiles",
      "extension": "log",
      "name": "access.log",
      "path": "C:\\inetpub\\logs\\LogFiles\\access.log"
    },
    "host": {
      "id": "001",
      "name": "DESKTOP-8UVR214"
    },
    "log": {
      "level": "information"
    },
    "message": "File Delete archived",
    "process": {
      "entity_id": "{7100ab27-350d-6506-912a-000000001200}",
      "executable": "C:\\Users\\nahuel\\Desktop\\nahuel\\Apache24\\bin\\httpd.exe",
      "hash": {
        "md5": "55BFEBE68443611320A8A70C7DFD5D56",
        "sha256": "5809ABFE5219B046AF113536279F8B16F9D6A5A3E63417BAE6E1202A3E958C33"
      },
      "name": "httpd.exe",
      "parent": {
        "name": "httpd.exe"
      },
      "pe": {
        "imphash": "00000000000000000000000000000000"
      },
      "pid": 10328
    },
    "related": {
      "hash": [
        "MD5=55BFEBE68443611320A8A70C7DFD5D56",
        "SHA256=5809ABFE5219B046AF113536279F8B16F9D6A5A3E63417BAE6E1202A3E958C33",
        "IMPHASH=00000000000000000000000000000000"
      ],
      "user": [
        "nahuel"
      ]
    },
    "rule": {
      "description": "Identifies the deletion of WebServer access logs. This may indicate an attempt to evade detection or destroy forensic evidence on a system.",
      "license": "Wazuh Inc.",
      "name": "WebServer Access Logs Deleted"
    },
    "sysmon": {
      "file": {
        "archived": "true",
        "is_executable": "false"
      }
    },
    "threat": {
      "framework": "MITRE ATT&CK",
      "tactic": {
        "id": [
          "TA0005"
        ],
        "name": [
          "Defense Evasion"
        ],
        "reference": [
          "https://attack.mitre.org/tactics/TA0005/"
        ]
      },
      "technique": {
        "id": [
          "T1070"
        ],
        "name": [
          "Indicator Removal"
        ],
        "reference": [
          "https://attack.mitre.org/techniques/T1070/"
        ]
      }
    },
    "user": {
      "domain": "DESKTOP-8UVR214",
      "id": "S-1-5-18",
      "name": "nahuel"
    },
    "vulnerability": {
      "severity": "medium"
    },
    "wazuh": {
      "decoders": [
        "windows-event",
        "windows-sysmon"
      ],
      "location": "[001] (wazuh-agent-1) any->EventChannel",
      "origin": "EventChannel",
      "queue": 102,
      "registered_ip": "any",
      "source": "logcollector"
    }
  }
]
