[
  {
    "agent": {
      "id": "001",
      "name": "wazuh-agent-1",
      "type": "wazuh-agent"
    },
    "event": {
      "action": "logged-out",
      "category": [
        "authentication"
      ],
      "code": "4634",
      "dataset": "security",
      "kind": "event",
      "module": "windows",
      "outcome": "success",
      "provider": "Microsoft-Windows-Security-Auditing",
      "start": "2015-09-09T02:27:57.877205900Z",
      "type": [
        "end"
      ]
    },
    "host": {
      "id": "001",
      "name": "DC01.contoso.local"
    },
    "log": {
      "level": "information"
    },
    "message": "An account was logged off",
    "related": {
      "user": [
        "DWM-1"
      ]
    },
    "user": {
      "domain": "Window Manager",
      "id": "S-1-5-90-1",
      "name": "DWM-1"
    },
    "wazuh": {
      "decoders": [
        "windows-event",
        "windows-security"
      ],
      "location": "[001] (wazuh-agent-1) any->EventChannel",
      "origin": "EventChannel",
      "queue": 102,
      "registered_ip": "any",
      "source": "logcollector"
    },
    "windows": {
      "EventData": {
        "LogonType": "2",
        "TargetDomainName": "Window Manager",
        "TargetLogonId": "0x1a0992",
        "TargetUserName": "DWM-1",
        "TargetUserSid": "S-1-5-90-1"
      },
      "System": {
        "Channel": {
          "#text": "Security"
        },
        "Computer": {
          "#text": "DC01.contoso.local"
        },
        "Correlation": {},
        "EventID": {
          "#text": "4634"
        },
        "EventRecordID": {
          "#text": "230019"
        },
        "Execution": {
          "@ProcessID": "516",
          "@ThreadID": "832"
        },
        "Keywords": {
          "#text": "0x8020000000000000"
        },
        "Level": {
          "#text": "0"
        },
        "Opcode": {
          "#text": "0"
        },
        "Provider": {
          "@Guid": "{54849625-5478-4994-A5BA-3E3B0328C30D}",
          "@Name": "Microsoft-Windows-Security-Auditing"
        },
        "Security": {},
        "Task": {
          "#text": "12545"
        },
        "TimeCreated": {
          "@SystemTime": "2015-09-09T02:27:57.877205900Z"
        },
        "Version": {
          "#text": "0"
        }
      },
      "logon": {
        "id": "0x1a0992",
        "type": "Interactive"
      }
    }
  }
]
