[
  {
    "agent": {
      "id": "001",
      "name": "wazuh-agent-1",
      "type": "wazuh-agent"
    },
    "event": {
      "action": "modified-user-account",
      "category": [
        "iam"
      ],
      "code": "4738",
      "dataset": "security",
      "kind": "event",
      "module": "windows",
      "outcome": "success",
      "provider": "Microsoft-Windows-Security-Auditing",
      "start": "2015-08-20T16:22:02.792454100Z",
      "type": [
        "user",
        "change"
      ]
    },
    "host": {
      "id": "001",
      "name": "DC01.contoso.local"
    },
    "log": {
      "level": "information"
    },
    "message": "A user account was changed",
    "related": {
      "user": [
        "dadmin",
        "ksmith"
      ]
    },
    "user": {
      "domain": "CONTOSO",
      "id": "S-1-5-21-3457937927-2839227994-823803824-1104",
      "name": "dadmin",
      "target": {
        "domain": "CONTOSO",
        "id": "S-1-5-21-3457937927-2839227994-823803824-6609",
        "name": "ksmith"
      }
    },
    "wazuh": {
      "decoders": [
        "windows-event",
        "windows-security"
      ],
      "location": "[001] (wazuh-agent-1) any->EventChannel",
      "origin": "EventChannel",
      "queue": 102,
      "registered_ip": "any",
      "source": "logcollector"
    },
    "windows": {
      "EventData": {
        "AccountExpires": "-",
        "AllowedToDelegateTo": "-",
        "DisplayName": "-",
        "Dummy": "-",
        "HomeDirectory": "-",
        "HomePath": "-",
        "LogonHours": "-",
        "NewUACList": [
          "SCRIPT",
          "LOCKOUT",
          "NORMAL_ACCOUNT"
        ],
        "NewUacValue": "0x211",
        "OldUACList": [
          "SCRIPT",
          "LOCKOUT"
        ],
        "OldUacValue": "0x15",
        "PasswordLastSet": "-",
        "PrimaryGroupId": "-",
        "PrivilegeList": "-",
        "ProfilePath": "-",
        "SamAccountName": "-",
        "ScriptPath": "-",
        "SidHistory": "-",
        "SubjectDomainName": "CONTOSO",
        "SubjectLogonId": "0x30dc2",
        "SubjectUserName": "dadmin",
        "SubjectUserSid": "S-1-5-21-3457937927-2839227994-823803824-1104",
        "TargetDomainName": "CONTOSO",
        "TargetSid": "S-1-5-21-3457937927-2839227994-823803824-6609",
        "TargetUserName": "ksmith",
        "UserAccountControl": "%%2050 %%2089",
        "UserParameters": "-",
        "UserPrincipalName": "-",
        "UserWorkstations": "-"
      },
      "System": {
        "Channel": {
          "#text": "Security"
        },
        "Computer": {
          "#text": "DC01.contoso.local"
        },
        "Correlation": {},
        "EventID": {
          "#text": "4738"
        },
        "EventRecordID": {
          "#text": "175413"
        },
        "Execution": {
          "@ProcessID": "520",
          "@ThreadID": "1508"
        },
        "Keywords": {
          "#text": "0x8020000000000000"
        },
        "Level": {
          "#text": "0"
        },
        "Opcode": {
          "#text": "0"
        },
        "Provider": {
          "@Guid": "{54849625-5478-4994-A5BA-3E3B0328C30D}",
          "@Name": "Microsoft-Windows-Security-Auditing"
        },
        "Security": {},
        "Task": {
          "#text": "13824"
        },
        "TimeCreated": {
          "@SystemTime": "2015-08-20T16:22:02.792454100Z"
        },
        "Version": {
          "#text": "0"
        }
      },
      "logon": {
        "id": "0x30dc2"
      }
    }
  }
]
