[
  {
    "agent": {
      "id": "001",
      "name": "wazuh-agent-1",
      "type": "wazuh-agent"
    },
    "event": {
      "action": "session-disconnected",
      "category": [
        "authentication",
        "session"
      ],
      "code": "4779",
      "dataset": "security",
      "kind": "event",
      "module": "windows",
      "outcome": "success",
      "provider": "Microsoft-Windows-Security-Auditing",
      "start": "2015-09-10T23:04:41.044489800Z",
      "type": [
        "end"
      ]
    },
    "host": {
      "id": "001",
      "name": "DC01.contoso.local"
    },
    "log": {
      "level": "information"
    },
    "message": "A session was disconnected from a Window Station",
    "related": {
      "ip": [
        "10.0.0.100"
      ],
      "user": [
        "ladmin"
      ]
    },
    "source": {
      "domain": "WIN81",
      "ip": "10.0.0.100"
    },
    "user": {
      "domain": "CONTOSO",
      "name": "ladmin"
    },
    "wazuh": {
      "decoders": [
        "windows-event",
        "windows-security"
      ],
      "location": "[001] (wazuh-agent-1) any->EventChannel",
      "origin": "EventChannel",
      "queue": 102,
      "registered_ip": "any",
      "source": "logcollector"
    },
    "windows": {
      "EventData": {
        "AccountDomain": "CONTOSO",
        "AccountName": "ladmin",
        "ClientAddress": "10.0.0.100",
        "ClientName": "WIN81",
        "LogonID": "0x1e01f6",
        "SessionName": "RDP-Tcp\\#3"
      },
      "System": {
        "Channel": {
          "#text": "Security"
        },
        "Computer": {
          "#text": "DC01.contoso.local"
        },
        "Correlation": {},
        "EventID": {
          "#text": "4779"
        },
        "EventRecordID": {
          "#text": "237646"
        },
        "Execution": {
          "@ProcessID": "504",
          "@ThreadID": "524"
        },
        "Keywords": {
          "#text": "0x8020000000000000"
        },
        "Level": {
          "#text": "0"
        },
        "Opcode": {
          "#text": "0"
        },
        "Provider": {
          "@Guid": "{54849625-5478-4994-A5BA-3E3B0328C30D}",
          "@Name": "Microsoft-Windows-Security-Auditing"
        },
        "Security": {},
        "Task": {
          "#text": "12551"
        },
        "TimeCreated": {
          "@SystemTime": "2015-09-10T23:04:41.044489800Z"
        },
        "Version": {
          "#text": "0"
        }
      },
      "logon": {
        "id": "0x1e01f6"
      }
    }
  }
]
