[
  {
    "agent": {
      "id": "001",
      "name": "wazuh-agent-1",
      "type": "wazuh-agent"
    },
    "event": {
      "action": "kerberos-policy-changed",
      "category": [
        "configuration"
      ],
      "code": "4713",
      "dataset": "security",
      "kind": "event",
      "module": "windows",
      "outcome": "success",
      "provider": "Microsoft-Windows-Security-Auditing",
      "start": "2015-10-01T23:15:50.811774300Z",
      "type": [
        "change"
      ]
    },
    "host": {
      "id": "001",
      "name": "DC01.contoso.local"
    },
    "log": {
      "level": "information"
    },
    "message": "Kerberos policy was changed",
    "related": {
      "user": [
        "DC01$"
      ]
    },
    "user": {
      "domain": "CONTOSO",
      "id": "S-1-5-18",
      "name": "DC01$"
    },
    "wazuh": {
      "decoders": [
        "windows-event",
        "windows-security"
      ],
      "location": "[001] (wazuh-agent-1) any->EventChannel",
      "origin": "EventChannel",
      "queue": 102,
      "registered_ip": "any",
      "source": "logcollector"
    },
    "windows": {
      "EventData": {
        "KerberosPolicyChange": "KerMaxT: 0x10c388d000 (0x861c46800); KerMaxR:\n        0x19254d38000 (0xc92a69c000);",
        "SubjectDomainName": "CONTOSO",
        "SubjectLogonId": "0x3e7",
        "SubjectUserName": "DC01$",
        "SubjectUserSid": "S-1-5-18"
      },
      "System": {
        "Channel": {
          "#text": "Security"
        },
        "Computer": {
          "#text": "DC01.contoso.local"
        },
        "Correlation": {},
        "EventID": {
          "#text": "4713"
        },
        "EventRecordID": {
          "#text": "1049772"
        },
        "Execution": {
          "@ProcessID": "500",
          "@ThreadID": "4116"
        },
        "Keywords": {
          "#text": "0x8020000000000000"
        },
        "Level": {
          "#text": "0"
        },
        "Opcode": {
          "#text": "0"
        },
        "Provider": {
          "@Guid": "{54849625-5478-4994-A5BA-3E3B0328C30D}",
          "@Name": "Microsoft-Windows-Security-Auditing"
        },
        "Security": {},
        "Task": {
          "#text": "13569"
        },
        "TimeCreated": {
          "@SystemTime": "2015-10-01T23:15:50.811774300Z"
        },
        "Version": {
          "#text": "0"
        }
      },
      "logon": {
        "id": "0x3e7"
      }
    }
  }
]
