[
  {
    "agent": {
      "id": "001",
      "name": "wazuh-agent-1",
      "type": "wazuh-agent"
    },
    "event": {
      "action": "added-member-to-distribution-group",
      "category": [
        "iam"
      ],
      "code": "4761",
      "dataset": "security",
      "kind": "event",
      "module": "windows",
      "outcome": "success",
      "provider": "Microsoft-Windows-Security-Auditing",
      "start": "2019-12-19T08:29:38.448732Z",
      "type": [
        "group",
        "change"
      ]
    },
    "group": {
      "domain": "TEST",
      "id": "S-1-5-21-1717121054-434620538-60925301-2905",
      "name": "testuni2"
    },
    "host": {
      "id": "001",
      "name": "DC_TEST2k12.TEST.SAAS"
    },
    "log": {
      "level": "information"
    },
    "message": "A member was added to a security-disabled universal group",
    "related": {
      "user": [
        "Administrator",
        "at_adm"
      ]
    },
    "user": {
      "domain": "TEST",
      "id": "S-1-5-21-1717121054-434620538-60925301-2794",
      "name": "at_adm",
      "target": {
        "domain": "SAAS",
        "group": {
          "domain": "TEST",
          "id": "S-1-5-21-1717121054-434620538-60925301-2905",
          "name": "testuni2"
        },
        "name": "Administrator"
      }
    },
    "wazuh": {
      "decoders": [
        "windows-event",
        "windows-security"
      ],
      "location": "[001] (wazuh-agent-1) any->EventChannel",
      "origin": "EventChannel",
      "queue": 102,
      "registered_ip": "any",
      "source": "logcollector"
    },
    "windows": {
      "EventData": {
        "MemberName": "CN=Administrator,CN=Users,DC=TEST,DC=SAAS",
        "MemberSid": "S-1-5-21-1717121054-434620538-60925301-500",
        "PrivilegeList": "-",
        "SubjectDomainName": "TEST",
        "SubjectLogonId": "0x2e67800",
        "SubjectUserName": "at_adm",
        "SubjectUserSid": "S-1-5-21-1717121054-434620538-60925301-2794",
        "TargetDomainName": "TEST",
        "TargetSid": "S-1-5-21-1717121054-434620538-60925301-2905",
        "TargetUserName": "testuni2"
      },
      "System": {
        "Channel": {
          "#text": "Security"
        },
        "Computer": {
          "#text": "DC_TEST2k12.TEST.SAAS"
        },
        "Correlation": {},
        "EventID": {
          "#text": "4761"
        },
        "EventRecordID": {
          "#text": "3707755"
        },
        "Execution": {
          "@ProcessID": "492",
          "@ThreadID": "1348"
        },
        "Keywords": {
          "#text": "0x8020000000000000"
        },
        "Level": {
          "#text": "0"
        },
        "Opcode": {
          "#text": "0"
        },
        "Provider": {
          "@Guid": "54849625-5478-4994-A5BA-3E3B0328C30D",
          "@Name": "Microsoft-Windows-Security-Auditing"
        },
        "Security": {},
        "Task": {
          "#text": "13827"
        },
        "TimeCreated": {
          "@SystemTime": "2019-12-19T08:29:38.448732Z"
        },
        "Version": {
          "#text": "0"
        }
      },
      "logon": {
        "id": "0x2e67800"
      }
    }
  }
]
