[
  {
    "agent": {
      "id": "001",
      "name": "wazuh-agent-1",
      "type": "wazuh-agent"
    },
    "event": {
      "action": "domain-trust-added",
      "category": [
        "configuration"
      ],
      "code": "4706",
      "dataset": "security",
      "kind": "event",
      "module": "windows",
      "outcome": "success",
      "provider": "Microsoft-Windows-Security-Auditing",
      "start": "2015-10-01T20:41:13.189445500Z",
      "type": [
        "creation"
      ]
    },
    "host": {
      "id": "001",
      "name": "DC01.contoso.local"
    },
    "log": {
      "level": "information"
    },
    "message": "A new trust was created to a domain",
    "related": {
      "user": [
        "dadmin"
      ]
    },
    "user": {
      "domain": "CONTOSO",
      "id": "S-1-5-21-3457937927-2839227994-823803824-1104",
      "name": "dadmin"
    },
    "wazuh": {
      "decoders": [
        "windows-event",
        "windows-security"
      ],
      "location": "[001] (wazuh-agent-1) any->EventChannel",
      "origin": "EventChannel",
      "queue": 102,
      "registered_ip": "any",
      "source": "logcollector"
    },
    "windows": {
      "EventData": {
        "DomainName": "corp.contoso.local",
        "DomainSid": "S-1-5-21-2226861337-2836268956-2433141405",
        "SidFilteringEnabled": "%%1796",
        "SubjectDomainName": "CONTOSO",
        "SubjectLogonId": "0x3e99d6",
        "SubjectUserName": "dadmin",
        "SubjectUserSid": "S-1-5-21-3457937927-2839227994-823803824-1104",
        "TdoAttributes": "32",
        "TdoDirection": "3",
        "TdoType": "2"
      },
      "System": {
        "Channel": {
          "#text": "Security"
        },
        "Computer": {
          "#text": "DC01.contoso.local"
        },
        "Correlation": {},
        "EventID": {
          "#text": "4706"
        },
        "EventRecordID": {
          "#text": "1049759"
        },
        "Execution": {
          "@ProcessID": "500",
          "@ThreadID": "4900"
        },
        "Keywords": {
          "#text": "0x8020000000000000"
        },
        "Level": {
          "#text": "0"
        },
        "Opcode": {
          "#text": "0"
        },
        "Provider": {
          "@Guid": "{54849625-5478-4994-A5BA-3E3B0328C30D}",
          "@Name": "Microsoft-Windows-Security-Auditing"
        },
        "Security": {},
        "Task": {
          "#text": "13569"
        },
        "TimeCreated": {
          "@SystemTime": "2015-10-01T20:41:13.189445500Z"
        },
        "Version": {
          "#text": "0"
        }
      },
      "logon": {
        "id": "0x3e99d6"
      },
      "trustAttribute": "TRUST_ATTRIBUTE_WITHIN_FOREST",
      "trustDirection": "TRUST_DIRECTION_BIDIRECTIONAL",
      "trustType": "TRUST_TYPE_UPLEVEL"
    }
  }
]
