[
  {
    "agent": {
      "id": "001",
      "name": "wazuh-agent-1",
      "type": "wazuh-agent"
    },
    "event": {
      "action": "modified-group-account",
      "category": [
        "iam"
      ],
      "code": "4755",
      "dataset": "security",
      "kind": "event",
      "module": "windows",
      "outcome": "success",
      "provider": "Microsoft-Windows-Security-Auditing",
      "start": "2020-12-22T11:22:33.456789Z",
      "type": [
        "group",
        "change"
      ]
    },
    "group": {
      "domain": "LOCALD",
      "id": "S-1-5-21-101361758-2486510592-3018839910-1113",
      "name": "testUser"
    },
    "host": {
      "id": "001",
      "name": "WIN-W.locald.local"
    },
    "log": {
      "level": "information"
    },
    "message": "A security-enabled universal group was changed",
    "related": {
      "user": [
        "Administrator"
      ]
    },
    "user": {
      "domain": "LOCALD",
      "id": "S-1-5-21-101361758-2486510592-3018839910-500",
      "name": "Administrator"
    },
    "wazuh": {
      "decoders": [
        "windows-event",
        "windows-security"
      ],
      "location": "[001] (wazuh-agent-1) any->EventChannel",
      "origin": "EventChannel",
      "queue": 102,
      "registered_ip": "any",
      "source": "logcollector"
    },
    "windows": {
      "EventData": {
        "PrivilegeList": "-",
        "SamAccountName": "testUser",
        "SidHistory": "-",
        "SubjectDomainName": "LOCALD",
        "SubjectLogonId": "0x4a727",
        "SubjectUserName": "Administrator",
        "SubjectUserSid": "S-1-5-21-101361758-2486510592-3018839910-500",
        "TargetDomainName": "LOCALD",
        "TargetSid": "S-1-5-21-101361758-2486510592-3018839910-1113",
        "TargetUserName": "testUser"
      },
      "System": {
        "Channel": {
          "#text": "Security"
        },
        "Computer": {
          "#text": "WIN-W.locald.local"
        },
        "Correlation": {},
        "EventID": {
          "#text": "4755"
        },
        "EventRecordID": {
          "#text": "4676"
        },
        "Execution": {
          "@ProcessID": "321",
          "@ThreadID": "1234"
        },
        "Keywords": {
          "#text": "0x8020000000000000"
        },
        "Level": {
          "#text": "0"
        },
        "Opcode": {
          "#text": "0"
        },
        "Provider": {
          "@Guid": "54849625-5478-4994-A5BA-3E3B0328C30D",
          "@Name": "Microsoft-Windows-Security-Auditing"
        },
        "Security": {},
        "Task": {
          "#text": "13826"
        },
        "TimeCreated": {
          "@SystemTime": "2020-12-22T11:22:33.456789Z"
        },
        "Version": {
          "#text": "0"
        }
      },
      "logon": {
        "id": "0x4a727"
      }
    }
  }
]
