[
  {
    "agent": {
      "id": "001",
      "name": "wazuh-agent-1",
      "type": "wazuh-agent"
    },
    "event": {
      "action": "added-distribution-group-account",
      "category": [
        "iam"
      ],
      "code": "4749",
      "dataset": "security",
      "kind": "event",
      "module": "windows",
      "outcome": "success",
      "provider": "Microsoft-Windows-Security-Auditing",
      "start": "2015-08-14T16:16:35.568878700Z",
      "type": [
        "group",
        "creation"
      ]
    },
    "group": {
      "domain": "CONTOSO",
      "id": "S-1-5-21-3457937927-2839227994-823803824-6119",
      "name": "ServiceDesk"
    },
    "host": {
      "id": "001",
      "name": "DC01.contoso.local"
    },
    "log": {
      "level": "information"
    },
    "message": "A security-disabled global group was created",
    "related": {
      "user": [
        "dadmin"
      ]
    },
    "user": {
      "domain": "CONTOSO",
      "id": "S-1-5-21-3457937927-2839227994-823803824-1104",
      "name": "dadmin"
    },
    "wazuh": {
      "decoders": [
        "windows-event",
        "windows-security"
      ],
      "location": "[001] (wazuh-agent-1) any->EventChannel",
      "origin": "EventChannel",
      "queue": 102,
      "registered_ip": "any",
      "source": "logcollector"
    },
    "windows": {
      "EventData": {
        "PrivilegeList": "-",
        "SamAccountName": "ServiceDesk",
        "SidHistory": "-",
        "SubjectDomainName": "CONTOSO",
        "SubjectLogonId": "0x3007b",
        "SubjectUserName": "dadmin",
        "SubjectUserSid": "S-1-5-21-3457937927-2839227994-823803824-1104",
        "TargetDomainName": "CONTOSO",
        "TargetSid": "S-1-5-21-3457937927-2839227994-823803824-6119",
        "TargetUserName": "ServiceDesk"
      },
      "System": {
        "Channel": {
          "#text": "Security"
        },
        "Computer": {
          "#text": "DC01.contoso.local"
        },
        "Correlation": {},
        "EventID": {
          "#text": "4749"
        },
        "EventRecordID": {
          "#text": "172181"
        },
        "Execution": {
          "@ProcessID": "520",
          "@ThreadID": "1108"
        },
        "Keywords": {
          "#text": "0x8020000000000000"
        },
        "Level": {
          "#text": "0"
        },
        "Opcode": {
          "#text": "0"
        },
        "Provider": {
          "@Guid": "{54849625-5478-4994-A5BA-3E3B0328C30D}",
          "@Name": "Microsoft-Windows-Security-Auditing"
        },
        "Security": {},
        "Task": {
          "#text": "13827"
        },
        "TimeCreated": {
          "@SystemTime": "2015-08-14T16:16:35.568878700Z"
        },
        "Version": {
          "#text": "0"
        }
      },
      "logon": {
        "id": "0x3007b"
      }
    }
  }
]
