[
  {
    "agent": {
      "id": "001",
      "name": "wazuh-agent-1",
      "type": "wazuh-agent"
    },
    "event": {
      "action": "privileged-operation",
      "category": [
        "iam"
      ],
      "code": "4674",
      "dataset": "security",
      "kind": "event",
      "module": "windows",
      "outcome": "failure",
      "provider": "Microsoft-Windows-Security-Auditing",
      "start": "2015-10-09T00:22:36.237816000Z",
      "type": [
        "admin"
      ]
    },
    "host": {
      "id": "001",
      "name": "DC01.contoso.local"
    },
    "log": {
      "level": "information"
    },
    "message": "An operation was attempted on a privileged object",
    "process": {
      "executable": "C:\\\\Windows\\\\System32\\\\lsass.exe",
      "name": "lsass.exe",
      "pid": 496
    },
    "related": {
      "user": [
        "LOCAL SERVICE"
      ]
    },
    "user": {
      "domain": "NT AUTHORITY",
      "id": "S-1-5-19",
      "name": "LOCAL SERVICE"
    },
    "wazuh": {
      "decoders": [
        "windows-event",
        "windows-security"
      ],
      "location": "[001] (wazuh-agent-1) any->EventChannel",
      "origin": "EventChannel",
      "queue": 102,
      "registered_ip": "any",
      "source": "logcollector"
    },
    "windows": {
      "EventData": {
        "AccessMask": "16777216",
        "AccessMaskList": [
          "Delete Child",
          "List Contents",
          "Read Property",
          "DELETE",
          "READ_CONTROL",
          "WRITE_DAC",
          "SYNCHRONIZE",
          "ADS_RIGHT_GENERIC_ALL"
        ],
        "HandleId": "0x0",
        "ObjectName": "-",
        "ObjectServer": "LSA",
        "ObjectType": "-",
        "PrivilegeList": "SeSecurityPrivilege",
        "ProcessId": "0x1f0",
        "ProcessName": "C:\\\\Windows\\\\System32\\\\lsass.exe",
        "SubjectDomainName": "NT AUTHORITY",
        "SubjectLogonId": "0x3e5",
        "SubjectUserName": "LOCAL SERVICE",
        "SubjectUserSid": "S-1-5-19"
      },
      "System": {
        "Channel": {
          "#text": "Security"
        },
        "Computer": {
          "#text": "DC01.contoso.local"
        },
        "Correlation": {},
        "EventID": {
          "#text": "4674"
        },
        "EventRecordID": {
          "#text": "1099680"
        },
        "Execution": {
          "@ProcessID": "496",
          "@ThreadID": "504"
        },
        "Keywords": {
          "#text": "0x8010000000000000"
        },
        "Level": {
          "#text": "0"
        },
        "Opcode": {
          "#text": "0"
        },
        "Provider": {
          "@Guid": "{54849625-5478-4994-A5BA-3E3B0328C30D}",
          "@Name": "Microsoft-Windows-Security-Auditing"
        },
        "Security": {},
        "Task": {
          "#text": "13056"
        },
        "TimeCreated": {
          "@SystemTime": "2015-10-09T00:22:36.237816000Z"
        },
        "Version": {
          "#text": "0"
        }
      },
      "logon": {
        "id": "0x3e5"
      }
    }
  }
]
