[
  {
    "agent": {
      "id": "001",
      "name": "wazuh-agent-1",
      "type": "wazuh-agent"
    },
    "event": {
      "action": "logging-service-shutdown",
      "category": [
        "process"
      ],
      "code": "1100",
      "dataset": "security",
      "kind": "event",
      "module": "windows",
      "outcome": "success",
      "provider": "Microsoft-Windows-Eventlog",
      "start": "2023-11-07T10:12:04.123456Z",
      "type": [
        "end"
      ]
    },
    "host": {
      "id": "001",
      "name": "WIN-TEST.local"
    },
    "log": {
      "level": "information"
    },
    "message": "The event logging service has shut down",
    "wazuh": {
      "decoders": [
        "windows-event",
        "windows-security"
      ],
      "location": "[001] (wazuh-agent-1) any->EventChannel",
      "origin": "EventChannel",
      "queue": 102,
      "registered_ip": "any",
      "source": "logcollector"
    },
    "windows": {
      "System": {
        "Channel": {
          "#text": "Security"
        },
        "Computer": {
          "#text": "WIN-TEST.local"
        },
        "Correlation": {},
        "EventID": {
          "#text": "1100"
        },
        "EventRecordID": {
          "#text": "14257"
        },
        "Execution": {
          "@ProcessID": "123",
          "@ThreadID": "456"
        },
        "Keywords": {
          "#text": "0x4020000000000000"
        },
        "Level": {
          "#text": "4"
        },
        "Opcode": {
          "#text": "0"
        },
        "Provider": {
          "@Guid": "{fc65ddd8-d6ef-4962-83d5-6e5cfe9ce148}",
          "@Name": "Microsoft-Windows-Eventlog"
        },
        "Security": {},
        "Task": {
          "#text": "103"
        },
        "TimeCreated": {
          "@SystemTime": "2023-11-07T10:12:04.123456Z"
        },
        "Version": {
          "#text": "0"
        }
      },
      "UserData": {
        "ServiceShutdown": {
          "@xmlns": "http://manifests.microsoft.com/win/2004/08/windows/eventlog"
        }
      }
    }
  }
]
