[
  {
    "agent": {
      "id": "001",
      "name": "wazuh-agent-1",
      "type": "wazuh-agent"
    },
    "event": {
      "action": "renamed-user-account",
      "category": [
        "iam"
      ],
      "code": "4781",
      "dataset": "security",
      "kind": "event",
      "module": "windows",
      "outcome": "success",
      "provider": "Microsoft-Windows-Security-Auditing",
      "start": "2015-08-22T02:41:09.737420900Z",
      "type": [
        "user",
        "change"
      ]
    },
    "host": {
      "id": "001",
      "name": "DC01.contoso.local"
    },
    "log": {
      "level": "information"
    },
    "message": "The name of an account was changed",
    "related": {
      "user": [
        "dadmin",
        "Admin",
        "MainAdmin"
      ]
    },
    "user": {
      "changes": {
        "name": "MainAdmin"
      },
      "domain": "CONTOSO",
      "id": "S-1-5-21-3457937927-2839227994-823803824-1104",
      "name": "dadmin",
      "target": {
        "name": "Admin"
      }
    },
    "wazuh": {
      "decoders": [
        "windows-event",
        "windows-security"
      ],
      "location": "[001] (wazuh-agent-1) any->EventChannel",
      "origin": "EventChannel",
      "queue": 102,
      "registered_ip": "any",
      "source": "logcollector"
    },
    "windows": {
      "EventData": {
        "NewTargetUserName": "MainAdmin",
        "OldTargetUserName": "Admin",
        "PrivilegeList": "-",
        "SubjectDomainName": "CONTOSO",
        "SubjectLogonId": "0x30d5f",
        "SubjectUserName": "dadmin",
        "SubjectUserSid": "S-1-5-21-3457937927-2839227994-823803824-1104",
        "TargetDomainName": "CONTOSO",
        "TargetSid": "S-1-5-21-3457937927-2839227994-823803824-6117"
      },
      "System": {
        "Channel": {
          "#text": "Security"
        },
        "Computer": {
          "#text": "DC01.contoso.local"
        },
        "Correlation": {},
        "EventID": {
          "#text": "4781"
        },
        "EventRecordID": {
          "#text": "175754"
        },
        "Execution": {
          "@ProcessID": "520",
          "@ThreadID": "1112"
        },
        "Keywords": {
          "#text": "0x8020000000000000"
        },
        "Level": {
          "#text": "0"
        },
        "Opcode": {
          "#text": "0"
        },
        "Provider": {
          "@Guid": "{54849625-5478-4994-A5BA-3E3B0328C30D}",
          "@Name": "Microsoft-Windows-Security-Auditing"
        },
        "Security": {},
        "Task": {
          "#text": "13824"
        },
        "TimeCreated": {
          "@SystemTime": "2015-08-22T02:41:09.737420900Z"
        },
        "Version": {
          "#text": "0"
        }
      },
      "logon": {
        "id": "0x30d5f"
      }
    }
  }
]
