[
  {
    "agent": {
      "id": "001",
      "name": "wazuh-agent-1",
      "type": "wazuh-agent"
    },
    "event": {
      "action": "changed-computer-account",
      "category": [
        "iam"
      ],
      "code": "4742",
      "dataset": "security",
      "kind": "event",
      "module": "windows",
      "outcome": "success",
      "provider": "Microsoft-Windows-Security-Auditing",
      "start": "2019-12-18T16:22:12.342508Z",
      "type": [
        "change",
        "admin"
      ]
    },
    "host": {
      "id": "001",
      "name": "DC_TEST2k12.TEST.SAAS"
    },
    "log": {
      "level": "information"
    },
    "message": "A computer account was changed",
    "related": {
      "user": [
        "at_adm"
      ]
    },
    "user": {
      "domain": "TEST",
      "id": "S-1-5-21-1717121054-434620538-60925301-2794",
      "name": "at_adm"
    },
    "wazuh": {
      "decoders": [
        "windows-event",
        "windows-security"
      ],
      "location": "[001] (wazuh-agent-1) any->EventChannel",
      "origin": "EventChannel",
      "queue": 102,
      "registered_ip": "any",
      "source": "logcollector"
    },
    "windows": {
      "EventData": {
        "AccountExpires": "-",
        "AllowedToDelegateTo": "-",
        "ComputerAccountChange": "-",
        "DisplayName": "-",
        "DnsHostName": "-",
        "HomeDirectory": "-",
        "HomePath": "-",
        "LogonHours": "-",
        "NewUACList": [
          "ENCRYPTED_TEXT_PWD_ALLOWED"
        ],
        "NewUacValue": "0x84",
        "OldUACList": [
          "SCRIPT",
          "ENCRYPTED_TEXT_PWD_ALLOWED"
        ],
        "OldUacValue": "0x85",
        "PasswordLastSet": "-",
        "PrimaryGroupId": "-",
        "PrivilegeList": "-",
        "ProfilePath": "-",
        "SamAccountName": "-",
        "ScriptPath": "-",
        "ServicePrincipalNames": "-",
        "SidHistory": "-",
        "SubjectDomainName": "TEST",
        "SubjectLogonId": "0x2e67800",
        "SubjectUserName": "at_adm",
        "SubjectUserSid": "S-1-5-21-1717121054-434620538-60925301-2794",
        "TargetDomainName": "TEST",
        "TargetSid": "S-1-5-21-1717121054-434620538-60925301-2902",
        "TargetUserName": "TESTCOMPUTEROBJ$",
        "UserAccountControl": "\n                %%2048",
        "UserParameters": "-",
        "UserPrincipalName": "-",
        "UserWorkstations": "-"
      },
      "System": {
        "Channel": {
          "#text": "Security"
        },
        "Computer": {
          "#text": "DC_TEST2k12.TEST.SAAS"
        },
        "Correlation": {},
        "EventID": {
          "#text": "4742"
        },
        "EventRecordID": {
          "#text": "3699934"
        },
        "Execution": {
          "@ProcessID": "492",
          "@ThreadID": "664"
        },
        "Keywords": {
          "#text": "0x8020000000000000"
        },
        "Level": {
          "#text": "0"
        },
        "Opcode": {
          "#text": "0"
        },
        "Provider": {
          "@Guid": "54849625-5478-4994-A5BA-3E3B0328C30D",
          "@Name": "Microsoft-Windows-Security-Auditing"
        },
        "Security": {},
        "Task": {
          "#text": "13825"
        },
        "TimeCreated": {
          "@SystemTime": "2019-12-18T16:22:12.342508Z"
        },
        "Version": {
          "#text": "0"
        }
      },
      "computerObject": {
        "domain": "TEST",
        "id": "S-1-5-21-1717121054-434620538-60925301-2902",
        "name": "TESTCOMPUTEROBJ$"
      },
      "logon": {
        "id": "0x2e67800"
      }
    }
  }
]
