[
  {
    "agent": {
      "id": "001",
      "name": "wazuh-agent-1",
      "type": "wazuh-agent"
    },
    "event": {
      "action": "system-security-access-granted",
      "category": [
        "iam",
        "configuration"
      ],
      "code": "4717",
      "dataset": "security",
      "kind": "event",
      "module": "windows",
      "outcome": "success",
      "provider": "Microsoft-Windows-Security-Auditing",
      "start": "2015-10-02T00:02:33.213572000Z",
      "type": [
        "admin",
        "change"
      ]
    },
    "host": {
      "id": "001",
      "name": "DC01.contoso.local"
    },
    "log": {
      "level": "information"
    },
    "message": "System security access was granted to an account",
    "related": {
      "user": [
        "DC01$"
      ]
    },
    "user": {
      "domain": "CONTOSO",
      "id": "S-1-5-18",
      "name": "DC01$"
    },
    "wazuh": {
      "decoders": [
        "windows-event",
        "windows-security"
      ],
      "location": "[001] (wazuh-agent-1) any->EventChannel",
      "origin": "EventChannel",
      "queue": 102,
      "registered_ip": "any",
      "source": "logcollector"
    },
    "windows": {
      "EventData": {
        "AccessGranted": "SeInteractiveLogonRight",
        "SubjectDomainName": "CONTOSO",
        "SubjectLogonId": "0x3e7",
        "SubjectUserName": "DC01$",
        "SubjectUserSid": "S-1-5-18",
        "TargetSid": "S-1-5-21-3457937927-2839227994-823803824-2104"
      },
      "System": {
        "Channel": {
          "#text": "Security"
        },
        "Computer": {
          "#text": "DC01.contoso.local"
        },
        "Correlation": {},
        "EventID": {
          "#text": "4717"
        },
        "EventRecordID": {
          "#text": "1049777"
        },
        "Execution": {
          "@ProcessID": "500",
          "@ThreadID": "2064"
        },
        "Keywords": {
          "#text": "0x8020000000000000"
        },
        "Level": {
          "#text": "0"
        },
        "Opcode": {
          "#text": "0"
        },
        "Provider": {
          "@Guid": "{54849625-5478-4994-A5BA-3E3B0328C30D}",
          "@Name": "Microsoft-Windows-Security-Auditing"
        },
        "Security": {},
        "Task": {
          "#text": "13569"
        },
        "TimeCreated": {
          "@SystemTime": "2015-10-02T00:02:33.213572000Z"
        },
        "Version": {
          "#text": "0"
        }
      },
      "logon": {
        "id": "0x3e7"
      }
    }
  }
]
