[
  {
    "agent": {
      "id": "001",
      "name": "wazuh-agent-1",
      "type": "wazuh-agent"
    },
    "event": {
      "action": "crash-on-audit-changed",
      "category": [
        "iam",
        "configuration"
      ],
      "code": "4906",
      "dataset": "security",
      "kind": "event",
      "module": "windows",
      "outcome": "success",
      "provider": "Microsoft-Windows-Security-Auditing",
      "start": "2015-10-01T00:45:07.048458800Z",
      "type": [
        "admin",
        "change"
      ]
    },
    "host": {
      "id": "001",
      "name": "DC01.contoso.local"
    },
    "log": {
      "level": "information"
    },
    "message": "The CrashOnAuditFail value has changed",
    "wazuh": {
      "decoders": [
        "windows-event",
        "windows-security"
      ],
      "location": "[001] (wazuh-agent-1) any->EventChannel",
      "origin": "EventChannel",
      "queue": 102,
      "registered_ip": "any",
      "source": "logcollector"
    },
    "windows": {
      "EventData": {
        "CrashOnAuditFailValue": "1"
      },
      "System": {
        "Channel": {
          "#text": "Security"
        },
        "Computer": {
          "#text": "DC01.contoso.local"
        },
        "Correlation": {},
        "EventID": {
          "#text": "4906"
        },
        "EventRecordID": {
          "#text": "1049529"
        },
        "Execution": {
          "@ProcessID": "516",
          "@ThreadID": "532"
        },
        "Keywords": {
          "#text": "0x8020000000000000"
        },
        "Level": {
          "#text": "0"
        },
        "Opcode": {
          "#text": "0"
        },
        "Provider": {
          "@Guid": "{54849625-5478-4994-A5BA-3E3B0328C30D}",
          "@Name": "Microsoft-Windows-Security-Auditing"
        },
        "Security": {},
        "Task": {
          "#text": "13568"
        },
        "TimeCreated": {
          "@SystemTime": "2015-10-01T00:45:07.048458800Z"
        },
        "Version": {
          "#text": "0"
        }
      }
    }
  }
]
