[
  {
    "agent": {
      "id": "001",
      "name": "wazuh-agent-1",
      "type": "wazuh-agent"
    },
    "event": {
      "action": "security-event-source-removed",
      "category": [
        "iam",
        "configuration"
      ],
      "code": "4905",
      "dataset": "security",
      "kind": "event",
      "module": "windows",
      "outcome": "success",
      "provider": "Microsoft-Windows-Security-Auditing",
      "start": "2015-10-01T17:39:12.039825000Z",
      "type": [
        "admin",
        "deletion"
      ]
    },
    "host": {
      "id": "001",
      "name": "DC01.contoso.local"
    },
    "log": {
      "level": "information"
    },
    "message": "An attempt was made to unregister a security event source",
    "process": {
      "executable": "-",
      "name": "-",
      "pid": 3472
    },
    "related": {
      "user": [
        "DC01$"
      ]
    },
    "user": {
      "domain": "CONTOSO",
      "id": "S-1-5-18",
      "name": "DC01$"
    },
    "wazuh": {
      "decoders": [
        "windows-event",
        "windows-security"
      ],
      "location": "[001] (wazuh-agent-1) any->EventChannel",
      "origin": "EventChannel",
      "queue": 102,
      "registered_ip": "any",
      "source": "logcollector"
    },
    "windows": {
      "EventData": {
        "AuditSourceName": "IIS-METABASE",
        "EventSourceId": "0x20c15f",
        "ProcessId": "0xd90",
        "ProcessName": "-",
        "SubjectDomainName": "CONTOSO",
        "SubjectLogonId": "0x3e7",
        "SubjectUserName": "DC01$",
        "SubjectUserSid": "S-1-5-18"
      },
      "System": {
        "Channel": {
          "#text": "Security"
        },
        "Computer": {
          "#text": "DC01.contoso.local"
        },
        "Correlation": {},
        "EventID": {
          "#text": "4905"
        },
        "EventRecordID": {
          "#text": "1049718"
        },
        "Execution": {
          "@ProcessID": "500",
          "@ThreadID": "1888"
        },
        "Keywords": {
          "#text": "0x8020000000000000"
        },
        "Level": {
          "#text": "0"
        },
        "Opcode": {
          "#text": "0"
        },
        "Provider": {
          "@Guid": "{54849625-5478-4994-A5BA-3E3B0328C30D}",
          "@Name": "Microsoft-Windows-Security-Auditing"
        },
        "Security": {},
        "Task": {
          "#text": "13568"
        },
        "TimeCreated": {
          "@SystemTime": "2015-10-01T17:39:12.039825000Z"
        },
        "Version": {
          "#text": "0"
        }
      },
      "logon": {
        "id": "0x3e7"
      }
    }
  }
]
