[
  {
    "agent": {
      "id": "001",
      "name": "wazuh-agent-1",
      "type": "wazuh-agent"
    },
    "event": {
      "action": "audit-setting-changed",
      "category": [
        "iam",
        "configuration"
      ],
      "code": "4907",
      "dataset": "security",
      "kind": "event",
      "module": "windows",
      "outcome": "success",
      "provider": "Microsoft-Windows-Security-Auditing",
      "start": "2015-10-01T18:18:19.458828800Z",
      "type": [
        "admin",
        "change"
      ]
    },
    "host": {
      "id": "001",
      "name": "DC01.contoso.local"
    },
    "log": {
      "level": "information"
    },
    "message": "Auditing settings on object were changed",
    "process": {
      "executable": "C:\\\\Windows\\\\regedit.exe",
      "name": "regedit.exe",
      "pid": 4620
    },
    "related": {
      "user": [
        "dadmin"
      ]
    },
    "user": {
      "domain": "CONTOSO",
      "id": "S-1-5-21-3457937927-2839227994-823803824-1104",
      "name": "dadmin"
    },
    "wazuh": {
      "decoders": [
        "windows-event",
        "windows-security"
      ],
      "location": "[001] (wazuh-agent-1) any->EventChannel",
      "origin": "EventChannel",
      "queue": 102,
      "registered_ip": "any",
      "source": "logcollector"
    },
    "windows": {
      "EventData": {
        "HandleId": "0x2f8",
        "NewSd": "S:ARAI(AU;CISA;KA;;;S-1-5-21-3457937927-2839227994-823803824-1104)",
        "ObjectName": "\\\\REGISTRY\\\\MACHINE\\\\SYSTEM\\\\ControlSet001\\\\Services\\\\EventLog\\\\Internet Explorer",
        "ObjectServer": "Security",
        "ObjectType": "Key",
        "OldSd": "S:AI",
        "ProcessId": "0x120c",
        "ProcessName": "C:\\\\Windows\\\\regedit.exe",
        "SubjectDomainName": "CONTOSO",
        "SubjectLogonId": "0x138eb0",
        "SubjectUserName": "dadmin",
        "SubjectUserSid": "S-1-5-21-3457937927-2839227994-823803824-1104"
      },
      "System": {
        "Channel": {
          "#text": "Security"
        },
        "Computer": {
          "#text": "DC01.contoso.local"
        },
        "Correlation": {},
        "EventID": {
          "#text": "4907"
        },
        "EventRecordID": {
          "#text": "1049732"
        },
        "Execution": {
          "@ProcessID": "500",
          "@ThreadID": "508"
        },
        "Keywords": {
          "#text": "0x8020000000000000"
        },
        "Level": {
          "#text": "0"
        },
        "Opcode": {
          "#text": "0"
        },
        "Provider": {
          "@Guid": "{54849625-5478-4994-A5BA-3E3B0328C30D}",
          "@Name": "Microsoft-Windows-Security-Auditing"
        },
        "Security": {},
        "Task": {
          "#text": "13568"
        },
        "TimeCreated": {
          "@SystemTime": "2015-10-01T18:18:19.458828800Z"
        },
        "Version": {
          "#text": "0"
        }
      },
      "logon": {
        "id": "0x138eb0"
      }
    }
  }
]
