[
  {
    "agent": {
      "id": "001",
      "name": "wazuh-agent-1",
      "type": "wazuh-agent"
    },
    "event": {
      "action": "kerberos-preauth-failed",
      "category": [
        "authentication"
      ],
      "code": "4771",
      "dataset": "security",
      "kind": "event",
      "module": "windows",
      "outcome": "failure",
      "provider": "Microsoft-Windows-Security-Auditing",
      "start": "2015-08-07T18:10:21.495462300Z",
      "type": [
        "start"
      ]
    },
    "host": {
      "id": "001",
      "name": "DC01.contoso.local"
    },
    "log": {
      "level": "information"
    },
    "message": "Kerberos pre-authentication failed",
    "related": {
      "ip": [
        "::ffff:10.0.0.12"
      ],
      "user": [
        "dadmin"
      ]
    },
    "service": {
      "name": "krbtgt/CONTOSO.LOCAL"
    },
    "source": {
      "ip": "::ffff:10.0.0.12",
      "port": 49254
    },
    "user": {
      "id": "S-1-5-21-3457937927-2839227994-823803824-1104",
      "name": "dadmin"
    },
    "wazuh": {
      "decoders": [
        "windows-event",
        "windows-security"
      ],
      "location": "[001] (wazuh-agent-1) any->EventChannel",
      "origin": "EventChannel",
      "queue": 102,
      "registered_ip": "any",
      "source": "logcollector"
    },
    "windows": {
      "EventData": {
        "CertIssuerName": "",
        "CertSerialNumber": "",
        "CertThumbprint": "",
        "IpAddress": "::ffff:10.0.0.12",
        "IpPort": "49254",
        "PreAuthType": "15",
        "ServiceName": "krbtgt/CONTOSO.LOCAL",
        "Status": "0x10",
        "StatusDescription": "KDC_ERR_PADATA_TYPE_NOSUPP",
        "TargetSid": "S-1-5-21-3457937927-2839227994-823803824-1104",
        "TargetUserName": "dadmin",
        "TicketOptions": "0x40810010",
        "TicketOptionsDescription": [
          "Renewable-ok",
          "Name-canonicalize",
          "Renewable",
          "Forwardable"
        ]
      },
      "System": {
        "Channel": {
          "#text": "Security"
        },
        "Computer": {
          "#text": "DC01.contoso.local"
        },
        "Correlation": {},
        "EventID": {
          "#text": "4771"
        },
        "EventRecordID": {
          "#text": "166708"
        },
        "Execution": {
          "@ProcessID": "520",
          "@ThreadID": "1084"
        },
        "Keywords": {
          "#text": "0x8010000000000000"
        },
        "Level": {
          "#text": "0"
        },
        "Opcode": {
          "#text": "0"
        },
        "Provider": {
          "@Guid": "{54849625-5478-4994-A5BA-3E3B0328C30D}",
          "@Name": "Microsoft-Windows-Security-Auditing"
        },
        "Security": {},
        "Task": {
          "#text": "14339"
        },
        "TimeCreated": {
          "@SystemTime": "2015-08-07T18:10:21.495462300Z"
        },
        "Version": {
          "#text": "0"
        }
      }
    }
  }
]
