[
  {
    "agent": {
      "id": "001",
      "name": "wazuh-agent-1",
      "type": "wazuh-agent"
    },
    "event": {
      "action": "process_terminated",
      "category": [
        "process"
      ],
      "code": "5",
      "dataset": "sysmon",
      "kind": "event",
      "module": "sysmon-linux",
      "original": "Jun  7 03:36:33 202-u20-dev-agent sysmon: <Event><System><Provider Name=\"Linux-Sysmon\" Guid=\"{ff032593-a8d3-4f13-b0d6-01fc615a0f97}\"/><EventID>5</EventID><Version>3</Version><Level>4</Level><Task>5</Task><Opcode>0</Opcode><Keywords>0x8000000000000000</Keywords><TimeCreated SystemTime=\"2023-06-07T03:36:33.104819000Z\"/><EventRecordID>20701</EventRecordID><Correlation/><Execution ProcessID=\"5856\" ThreadID=\"5856\"/><Channel>Linux-Sysmon/Operational</Channel><Computer>202-u20-dev-agent</Computer><Security UserId=\"0\"/></System><EventData><Data Name=\"RuleName\">-</Data><Data Name=\"UtcTime\">2023-06-07 03:36:33.112</Data><Data Name=\"ProcessGuid\">{924935dc-6e79-647f-41dc-5384af550000}</Data><Data Name=\"ProcessId\">489</Data><Data Name=\"Image\">/usr/lib/systemd/systemd-journald</Data><Data Name=\"User\">-</Data></EventData></Event>",
      "outcome": "success",
      "provider": "Linux-Sysmon",
      "start": "2023-06-07T03:36:33.104819000Z",
      "type": [
        "end"
      ]
    },
    "host": {
      "hostname": "202-u20-dev-agent",
      "id": "001",
      "name": "202-u20-dev-agent"
    },
    "log": {
      "level": "Information"
    },
    "message": "<Event><System><Provider Name=\"Linux-Sysmon\" Guid=\"{ff032593-a8d3-4f13-b0d6-01fc615a0f97}\"/><EventID>5</EventID><Version>3</Version><Level>4</Level><Task>5</Task><Opcode>0</Opcode><Keywords>0x8000000000000000</Keywords><TimeCreated SystemTime=\"2023-06-07T03:36:33.104819000Z\"/><EventRecordID>20701</EventRecordID><Correlation/><Execution ProcessID=\"5856\" ThreadID=\"5856\"/><Channel>Linux-Sysmon/Operational</Channel><Computer>202-u20-dev-agent</Computer><Security UserId=\"0\"/></System><EventData><Data Name=\"RuleName\">-</Data><Data Name=\"UtcTime\">2023-06-07 03:36:33.112</Data><Data Name=\"ProcessGuid\">{924935dc-6e79-647f-41dc-5384af550000}</Data><Data Name=\"ProcessId\">489</Data><Data Name=\"Image\">/usr/lib/systemd/systemd-journald</Data><Data Name=\"User\">-</Data></EventData></Event>",
    "process": {
      "entity_id": "{924935dc-6e79-647f-41dc-5384af550000}",
      "executable": "/usr/lib/systemd/systemd-journald",
      "name": "systemd-journald",
      "pid": 489
    },
    "related": {
      "hosts": [
        "202-u20-dev-agent"
      ]
    },
    "wazuh": {
      "decoders": [
        "syslog",
        "sysmon-linux"
      ],
      "location": "[001] (wazuh-agent-1) any->/test/kern.log",
      "origin": "/test/kern.log",
      "queue": 49,
      "registered_ip": "any",
      "source": "logcollector"
    }
  },
  {
    "agent": {
      "id": "001",
      "name": "wazuh-agent-1",
      "type": "wazuh-agent"
    },
    "event": {
      "action": "process_terminated",
      "category": [
        "process"
      ],
      "code": "5",
      "dataset": "sysmon",
      "kind": "event",
      "module": "sysmon-linux",
      "original": "Jun  7 03:36:47 202-u20-dev-agent sysmon: <Event><System><Provider Name=\"Linux-Sysmon\" Guid=\"{ff032593-a8d3-4f13-b0d6-01fc615a0f97}\"/><EventID>5</EventID><Version>3</Version><Level>4</Level><Task>5</Task><Opcode>0</Opcode><Keywords>0x8000000000000000</Keywords><TimeCreated SystemTime=\"2023-06-07T03:36:47.602222000Z\"/><EventRecordID>20704</EventRecordID><Correlation/><Execution ProcessID=\"5856\" ThreadID=\"5856\"/><Channel>Linux-Sysmon/Operational</Channel><Computer>202-u20-dev-agent</Computer><Security UserId=\"0\"/></System><EventData><Data Name=\"RuleName\">-</Data><Data Name=\"UtcTime\">2023-06-07 03:36:47.609</Data><Data Name=\"ProcessGuid\">{924935dc-6e81-647f-cd2f-c7224d560000}</Data><Data Name=\"ProcessId\">809</Data><Data Name=\"Image\">/usr/libexec/udisks2/udisksd</Data><Data Name=\"User\">-</Data></EventData></Event>",
      "outcome": "success",
      "provider": "Linux-Sysmon",
      "start": "2023-06-07T03:36:47.602222000Z",
      "type": [
        "end"
      ]
    },
    "host": {
      "hostname": "202-u20-dev-agent",
      "id": "001",
      "name": "202-u20-dev-agent"
    },
    "log": {
      "level": "Information"
    },
    "message": "<Event><System><Provider Name=\"Linux-Sysmon\" Guid=\"{ff032593-a8d3-4f13-b0d6-01fc615a0f97}\"/><EventID>5</EventID><Version>3</Version><Level>4</Level><Task>5</Task><Opcode>0</Opcode><Keywords>0x8000000000000000</Keywords><TimeCreated SystemTime=\"2023-06-07T03:36:47.602222000Z\"/><EventRecordID>20704</EventRecordID><Correlation/><Execution ProcessID=\"5856\" ThreadID=\"5856\"/><Channel>Linux-Sysmon/Operational</Channel><Computer>202-u20-dev-agent</Computer><Security UserId=\"0\"/></System><EventData><Data Name=\"RuleName\">-</Data><Data Name=\"UtcTime\">2023-06-07 03:36:47.609</Data><Data Name=\"ProcessGuid\">{924935dc-6e81-647f-cd2f-c7224d560000}</Data><Data Name=\"ProcessId\">809</Data><Data Name=\"Image\">/usr/libexec/udisks2/udisksd</Data><Data Name=\"User\">-</Data></EventData></Event>",
    "process": {
      "entity_id": "{924935dc-6e81-647f-cd2f-c7224d560000}",
      "executable": "/usr/libexec/udisks2/udisksd",
      "name": "udisksd",
      "pid": 809
    },
    "related": {
      "hosts": [
        "202-u20-dev-agent"
      ]
    },
    "wazuh": {
      "decoders": [
        "syslog",
        "sysmon-linux"
      ],
      "location": "[001] (wazuh-agent-1) any->/test/kern.log",
      "origin": "/test/kern.log",
      "queue": 49,
      "registered_ip": "any",
      "source": "logcollector"
    }
  },
  {
    "agent": {
      "id": "001",
      "name": "wazuh-agent-1",
      "type": "wazuh-agent"
    },
    "event": {
      "action": "process_terminated",
      "category": [
        "process"
      ],
      "code": "5",
      "dataset": "sysmon",
      "kind": "event",
      "module": "sysmon-linux",
      "original": "Jun  6 21:05:33 202-u20-dev-agent sysmon: <Event><System><Provider Name=\"Linux-Sysmon\" Guid=\"{ff032593-a8d3-4f13-b0d6-01fc615a0f97}\"/><EventID>5</EventID><Version>3</Version><Level>4</Level><Task>5</Task><Opcode>0</Opcode><Keywords>0x8000000000000000</Keywords><TimeCreated SystemTime=\"2023-06-06T21:05:33.820665000Z\"/><EventRecordID>15722</EventRecordID><Correlation/><Execution ProcessID=\"1178\" ThreadID=\"1178\"/><Channel>Linux-Sysmon/Operational</Channel><Computer>202-u20-dev-agent</Computer><Security UserId=\"0\"/></System><EventData><Data Name=\"RuleName\">-</Data><Data Name=\"UtcTime\">2023-06-06 21:05:32.024</Data><Data Name=\"ProcessGuid\">{924935dc-9f9c-647f-615e-16b5af550000}</Data><Data Name=\"ProcessId\">5770</Data><Data Name=\"Image\">/usr/bin/git</Data><Data Name=\"User\">-</Data></EventData></Event>",
      "outcome": "success",
      "provider": "Linux-Sysmon",
      "start": "2023-06-06T21:05:33.820665000Z",
      "type": [
        "end"
      ]
    },
    "host": {
      "hostname": "202-u20-dev-agent",
      "id": "001",
      "name": "202-u20-dev-agent"
    },
    "log": {
      "level": "Information"
    },
    "message": "<Event><System><Provider Name=\"Linux-Sysmon\" Guid=\"{ff032593-a8d3-4f13-b0d6-01fc615a0f97}\"/><EventID>5</EventID><Version>3</Version><Level>4</Level><Task>5</Task><Opcode>0</Opcode><Keywords>0x8000000000000000</Keywords><TimeCreated SystemTime=\"2023-06-06T21:05:33.820665000Z\"/><EventRecordID>15722</EventRecordID><Correlation/><Execution ProcessID=\"1178\" ThreadID=\"1178\"/><Channel>Linux-Sysmon/Operational</Channel><Computer>202-u20-dev-agent</Computer><Security UserId=\"0\"/></System><EventData><Data Name=\"RuleName\">-</Data><Data Name=\"UtcTime\">2023-06-06 21:05:32.024</Data><Data Name=\"ProcessGuid\">{924935dc-9f9c-647f-615e-16b5af550000}</Data><Data Name=\"ProcessId\">5770</Data><Data Name=\"Image\">/usr/bin/git</Data><Data Name=\"User\">-</Data></EventData></Event>",
    "process": {
      "entity_id": "{924935dc-9f9c-647f-615e-16b5af550000}",
      "executable": "/usr/bin/git",
      "name": "git",
      "pid": 5770
    },
    "related": {
      "hosts": [
        "202-u20-dev-agent"
      ]
    },
    "wazuh": {
      "decoders": [
        "syslog",
        "sysmon-linux"
      ],
      "location": "[001] (wazuh-agent-1) any->/test/kern.log",
      "origin": "/test/kern.log",
      "queue": 49,
      "registered_ip": "any",
      "source": "logcollector"
    }
  }
]
