[
  {
    "agent": {
      "id": "001",
      "name": "wazuh-agent-1",
      "type": "wazuh-agent"
    },
    "event": {
      "action": "service_start",
      "category": [
        "service",
        "process"
      ],
      "code": "4",
      "dataset": "sysmon",
      "kind": "state",
      "module": "sysmon-linux",
      "original": "Jun  7 21:23:03 202-u20-dev-agent sysmon: <Event><System><Provider Name=\"Linux-Sysmon\" Guid=\"{ff032593-a8d3-4f13-b0d6-01fc615a0f97}\"/><EventID>4</EventID><Version>3</Version><Level>4</Level><Task>4</Task><Opcode>0</Opcode><Keywords>0x8000000000000000</Keywords><TimeCreated SystemTime=\"2023-06-07T21:23:03.810147000Z\"/><EventRecordID>26789</EventRecordID><Correlation/><Execution ProcessID=\"4441\" ThreadID=\"4441\"/><Channel>Linux-Sysmon/Operational</Channel><Computer>202-u20-dev-agent</Computer><Security UserId=\"0\"/></System><EventData><Data Name=\"UtcTime\">2023-06-07 21:23:03.810</Data><Data Name=\"State\">Started</Data><Data Name=\"Version\">1.2.0</Data><Data Name=\"SchemaVersion\">4.81</Data></EventData></Event>",
      "outcome": "unknown",
      "provider": "Linux-Sysmon",
      "start": "2023-06-07T21:23:03.810147000Z",
      "type": [
        "change"
      ]
    },
    "host": {
      "hostname": "202-u20-dev-agent",
      "id": "001",
      "name": "202-u20-dev-agent"
    },
    "log": {
      "level": "Information"
    },
    "message": "<Event><System><Provider Name=\"Linux-Sysmon\" Guid=\"{ff032593-a8d3-4f13-b0d6-01fc615a0f97}\"/><EventID>4</EventID><Version>3</Version><Level>4</Level><Task>4</Task><Opcode>0</Opcode><Keywords>0x8000000000000000</Keywords><TimeCreated SystemTime=\"2023-06-07T21:23:03.810147000Z\"/><EventRecordID>26789</EventRecordID><Correlation/><Execution ProcessID=\"4441\" ThreadID=\"4441\"/><Channel>Linux-Sysmon/Operational</Channel><Computer>202-u20-dev-agent</Computer><Security UserId=\"0\"/></System><EventData><Data Name=\"UtcTime\">2023-06-07 21:23:03.810</Data><Data Name=\"State\">Started</Data><Data Name=\"Version\">1.2.0</Data><Data Name=\"SchemaVersion\">4.81</Data></EventData></Event>",
    "process": {
      "name": "sysmon"
    },
    "related": {
      "hosts": [
        "202-u20-dev-agent"
      ]
    },
    "service": {
      "name": "sysmon",
      "state": "Started"
    },
    "wazuh": {
      "decoders": [
        "syslog",
        "sysmon-linux"
      ],
      "location": "[001] (wazuh-agent-1) any->/test/kern.log",
      "origin": "/test/kern.log",
      "queue": 49,
      "registered_ip": "any",
      "source": "logcollector"
    }
  },
  {
    "agent": {
      "id": "001",
      "name": "wazuh-agent-1",
      "type": "wazuh-agent"
    },
    "event": {
      "action": "service_start",
      "category": [
        "service",
        "process"
      ],
      "code": "4",
      "dataset": "sysmon",
      "kind": "state",
      "module": "sysmon-linux",
      "original": "Jun  7 21:37:09 202-u20-dev-agent sysmon: <Event><System><Provider Name=\"Linux-Sysmon\" Guid=\"{ff032593-a8d3-4f13-b0d6-01fc615a0f97}\"/><EventID>4</EventID><Version>3</Version><Level>4</Level><Task>4</Task><Opcode>0</Opcode><Keywords>0x8000000000000000</Keywords><TimeCreated SystemTime=\"2023-06-07T21:37:09.066663000Z\"/><EventRecordID>27032</EventRecordID><Correlation/><Execution ProcessID=\"4610\" ThreadID=\"4610\"/><Channel>Linux-Sysmon/Operational</Channel><Computer>202-u20-dev-agent</Computer><Security UserId=\"0\"/></System><EventData><Data Name=\"UtcTime\">2023-06-07 21:37:09.066</Data><Data Name=\"State\">Stopped</Data><Data Name=\"Version\">1.2.0</Data><Data Name=\"SchemaVersion\">4.81</Data></EventData></Event>",
      "outcome": "unknown",
      "provider": "Linux-Sysmon",
      "start": "2023-06-07T21:37:09.066663000Z",
      "type": [
        "change"
      ]
    },
    "host": {
      "hostname": "202-u20-dev-agent",
      "id": "001",
      "name": "202-u20-dev-agent"
    },
    "log": {
      "level": "Information"
    },
    "message": "<Event><System><Provider Name=\"Linux-Sysmon\" Guid=\"{ff032593-a8d3-4f13-b0d6-01fc615a0f97}\"/><EventID>4</EventID><Version>3</Version><Level>4</Level><Task>4</Task><Opcode>0</Opcode><Keywords>0x8000000000000000</Keywords><TimeCreated SystemTime=\"2023-06-07T21:37:09.066663000Z\"/><EventRecordID>27032</EventRecordID><Correlation/><Execution ProcessID=\"4610\" ThreadID=\"4610\"/><Channel>Linux-Sysmon/Operational</Channel><Computer>202-u20-dev-agent</Computer><Security UserId=\"0\"/></System><EventData><Data Name=\"UtcTime\">2023-06-07 21:37:09.066</Data><Data Name=\"State\">Stopped</Data><Data Name=\"Version\">1.2.0</Data><Data Name=\"SchemaVersion\">4.81</Data></EventData></Event>",
    "process": {
      "name": "sysmon"
    },
    "related": {
      "hosts": [
        "202-u20-dev-agent"
      ]
    },
    "service": {
      "name": "sysmon",
      "state": "Stopped"
    },
    "wazuh": {
      "decoders": [
        "syslog",
        "sysmon-linux"
      ],
      "location": "[001] (wazuh-agent-1) any->/test/kern.log",
      "origin": "/test/kern.log",
      "queue": 49,
      "registered_ip": "any",
      "source": "logcollector"
    }
  }
]
