[
    {
        "agent": {
            "id": "001",
            "name": "wazuh-agent-1",
            "type": "wazuh-agent"
        },
        "event": {
            "category": [
                "web"
            ],
            "created": "2020-06-26T15:16:28.000Z",
            "dataset": "apache-access",
            "kind": "event",
            "module": "apache-http",
            "original": "::1 - - [26/Jun/2020:16:16:28 +0100] \"GET / HTTP/1.1\" 200 45",
            "outcome": "success"
        },
        "host": {
            "id": "001"
        },
        "http": {
            "request": {
                "method": "GET"
            },
            "response": {
                "body": {
                    "bytes": 45
                },
                "status_code": 200
            },
            "version": "1.1"
        },
        "service": {
            "type": "apache"
        },
        "source": {
            "address": "::1",
            "ip": "::1"
        },
        "url": {
            "original": "/",
            "path": "/"
        },
        "user": {
            "name": "-"
        },
        "wazuh": {
            "decoders": [
                "apache-access"
            ],
            "location": "[001] (wazuh-agent-1) any->/var/log/apache2/access.log",
            "origin": "/var/log/apache2/access.log",
            "queue": 49,
            "registered_ip": "any",
            "source": "logcollector"
        }
    },
    {
        "agent": {
            "id": "001",
            "name": "wazuh-agent-1",
            "type": "wazuh-agent"
        },
        "event": {
            "category": [
                "web"
            ],
            "created": "2020-06-26T15:16:29.000Z",
            "dataset": "apache-access",
            "kind": "event",
            "module": "apache-http",
            "original": "::1 - - [26/Jun/2020:16:16:29 +0100] \"GET /favicon.ico HTTP/1.1\" 404 209",
            "outcome": "failure"
        },
        "host": {
            "id": "001"
        },
        "http": {
            "request": {
                "method": "GET"
            },
            "response": {
                "body": {
                    "bytes": 209
                },
                "status_code": 404
            },
            "version": "1.1"
        },
        "service": {
            "type": "apache"
        },
        "source": {
            "address": "::1",
            "ip": "::1"
        },
        "url": {
            "extension": "ico",
            "original": "/favicon.ico",
            "path": "/favicon.ico"
        },
        "user": {
            "name": "-"
        },
        "wazuh": {
            "decoders": [
                "apache-access"
            ],
            "location": "[001] (wazuh-agent-1) any->/var/log/apache2/access.log",
            "origin": "/var/log/apache2/access.log",
            "queue": 49,
            "registered_ip": "any",
            "source": "logcollector"
        }
    },
    {
        "agent": {
            "id": "001",
            "name": "wazuh-agent-1",
            "type": "wazuh-agent"
        },
        "event": {
            "category": [
                "web"
            ],
            "created": "2020-06-26T15:16:48.000Z",
            "dataset": "apache-access",
            "kind": "event",
            "module": "apache-http",
            "original": "::1 - - [26/Jun/2020:16:16:48 +0100] \"-\" 408 -",
            "outcome": "failure"
        },
        "host": {
            "id": "001"
        },
        "http": {
            "response": {
                "status_code": 408
            }
        },
        "service": {
            "type": "apache"
        },
        "source": {
            "address": "::1",
            "ip": "::1"
        },
        "user": {
            "name": "-"
        },
        "wazuh": {
            "decoders": [
                "apache-access"
            ],
            "location": "[001] (wazuh-agent-1) any->/var/log/apache2/access.log",
            "origin": "/var/log/apache2/access.log",
            "queue": 49,
            "registered_ip": "any",
            "source": "logcollector"
        }
    },
    {
        "agent": {
            "id": "001",
            "name": "wazuh-agent-1",
            "type": "wazuh-agent"
        },
        "event": {
            "category": [
                "web"
            ],
            "created": "2020-06-26T17:23:35.000Z",
            "dataset": "apache-access",
            "kind": "event",
            "module": "apache-http",
            "original": "89.10.20.16 - - [26/Jun/2020:18:23:35 +0100] \"GET / HTTP/1.1\" 200 45",
            "outcome": "success"
        },
        "host": {
            "id": "001"
        },
        "http": {
            "request": {
                "method": "GET"
            },
            "response": {
                "body": {
                    "bytes": 45
                },
                "status_code": 200
            },
            "version": "1.1"
        },
        "service": {
            "type": "apache"
        },
        "source": {
            "address": "89.10.20.16",
            "ip": "89.10.20.16"
        },
        "url": {
            "original": "/",
            "path": "/"
        },
        "user": {
            "name": "-"
        },
        "wazuh": {
            "decoders": [
                "apache-access"
            ],
            "location": "[001] (wazuh-agent-1) any->/var/log/apache2/access.log",
            "origin": "/var/log/apache2/access.log",
            "queue": 49,
            "registered_ip": "any",
            "source": "logcollector"
        }
    },
    {
        "agent": {
            "id": "001",
            "name": "wazuh-agent-1",
            "type": "wazuh-agent"
        },
        "event": {
            "category": [
                "web"
            ],
            "created": "2020-06-26T17:23:41.000Z",
            "dataset": "apache-access",
            "kind": "event",
            "module": "apache-http",
            "original": "89.10.20.16 - - [26/Jun/2020:18:23:41 +0100] \"GET /notfound HTTP/1.1\" 404 206",
            "outcome": "failure"
        },
        "host": {
            "id": "001"
        },
        "http": {
            "request": {
                "method": "GET"
            },
            "response": {
                "body": {
                    "bytes": 206
                },
                "status_code": 404
            },
            "version": "1.1"
        },
        "service": {
            "type": "apache"
        },
        "source": {
            "address": "89.10.20.16",
            "ip": "89.10.20.16"
        },
        "url": {
            "original": "/notfound",
            "path": "/notfound"
        },
        "user": {
            "name": "-"
        },
        "wazuh": {
            "decoders": [
                "apache-access"
            ],
            "location": "[001] (wazuh-agent-1) any->/var/log/apache2/access.log",
            "origin": "/var/log/apache2/access.log",
            "queue": 49,
            "registered_ip": "any",
            "source": "logcollector"
        }
    },
    {
        "agent": {
            "id": "001",
            "name": "wazuh-agent-1",
            "type": "wazuh-agent"
        },
        "event": {
            "category": [
                "web"
            ],
            "created": "2020-06-26T17:23:45.000Z",
            "dataset": "apache-access",
            "kind": "event",
            "module": "apache-http",
            "original": "89.10.20.16 - - [26/Jun/2020:18:23:45 +0100] \"GET /hmm HTTP/1.1\" 404 201",
            "outcome": "failure"
        },
        "host": {
            "id": "001"
        },
        "http": {
            "request": {
                "method": "GET"
            },
            "response": {
                "body": {
                    "bytes": 201
                },
                "status_code": 404
            },
            "version": "1.1"
        },
        "service": {
            "type": "apache"
        },
        "source": {
            "address": "89.10.20.16",
            "ip": "89.10.20.16"
        },
        "url": {
            "original": "/hmm",
            "path": "/hmm"
        },
        "user": {
            "name": "-"
        },
        "wazuh": {
            "decoders": [
                "apache-access"
            ],
            "location": "[001] (wazuh-agent-1) any->/var/log/apache2/access.log",
            "origin": "/var/log/apache2/access.log",
            "queue": 49,
            "registered_ip": "any",
            "source": "logcollector"
        }
    }
]
