[
    {
        "agent": {
            "id": "001",
            "name": "wazuh-agent-1",
            "type": "wazuh-agent"
        },
        "event": {
            "category": [
                "web"
            ],
            "created": "2020-12-10T08:45:56.000Z",
            "dataset": "apache-access",
            "kind": "event",
            "module": "apache-http",
            "original": "[10/Dec/2020:09:45:56 +0100] 172.31.0.120 TLSv1.2 ECDHE-RSA-AES128-GCM-SHA256 \"GET /nagiosxi/ajaxhelper.php?cmd=getxicoreajax&amp;opts=%7B%22func%22%3A%22get_admin_tasks_html%22%2C%22args%22%3A%22%22%7D&amp;nsp=b5c7d5d4b6f7d0cf0c92f9cbdf737f6a5c838218425e6ae21 HTTP/1.1\" 1375"
        },
        "host": {
            "id": "001"
        },
        "http": {
            "request": {
                "method": "GET"
            },
            "response": {
                "body": {
                    "bytes": 1375
                }
            },
            "version": "1.1"
        },
        "network": {
            "protocol": "TLSv1.2"
        },
        "service": {
            "type": "apache"
        },
        "source": {
            "address": "172.31.0.120",
            "ip": "172.31.0.120"
        },
        "tls": {
            "cipher": "ECDHE-RSA-AES128-GCM-SHA256",
            "version": "1.2",
            "version_protocol": "TLS"
        },
        "url": {
            "extension": "php",
            "original": "/nagiosxi/ajaxhelper.php?cmd=getxicoreajax&amp;opts=%7B%22func%22%3A%22get_admin_tasks_html%22%2C%22args%22%3A%22%22%7D&amp;nsp=b5c7d5d4b6f7d0cf0c92f9cbdf737f6a5c838218425e6ae21",
            "path": "/nagiosxi/ajaxhelper.php?cmd=getxicoreajax&amp;opts=%7B%22func%22%3A%22get_admin_tasks_html%22%2C%22args%22%3A%22%22%7D&amp;nsp=b5c7d5d4b6f7d0cf0c92f9cbdf737f6a5c838218425e6ae21",
            "query": "cmd=getxicoreajax&amp;opts=%7B%22func%22%3A%22get_admin_tasks_html%22%2C%22args%22%3A%22%22%7D&amp;nsp=b5c7d5d4b6f7d0cf0c92f9cbdf737f6a5c838218425e6ae21"
        },
        "wazuh": {
            "decoders": [
                "apache-access"
            ],
            "location": "[001] (wazuh-agent-1) any->/var/log/apache2/access.log",
            "origin": "/var/log/apache2/access.log",
            "queue": 49,
            "registered_ip": "any",
            "source": "logcollector"
        }
    },
    {
        "agent": {
            "id": "001",
            "name": "wazuh-agent-1",
            "type": "wazuh-agent"
        },
        "event": {
            "category": [
                "web"
            ],
            "created": "2021-06-16T10:53:47.000Z",
            "dataset": "apache-access",
            "kind": "event",
            "module": "apache-http",
            "original": "[16/Jun/2021:11:53:47 +0100] 89.159.20.140 TLSv1.2 ECDHE-RSA-AES128-GCM-SHA256 \"GET /appl/ajaxhelper.php?cmd=getxicoreajax&opts=%7B%22func%22%3A%22get_pagetop_alert_content_html%22%2C%22args%22%3A%22%22%7D&nsp=c2700eab9797eda8a9f65a3ab17a6adbceccd60a6cca7708650a5923950d HTTP/1.1\" -"
        },
        "host": {
            "id": "001"
        },
        "http": {
            "request": {
                "method": "GET"
            },
            "version": "1.1"
        },
        "network": {
            "protocol": "TLSv1.2"
        },
        "service": {
            "type": "apache"
        },
        "source": {
            "address": "89.159.20.140",
            "ip": "89.159.20.140"
        },
        "tls": {
            "cipher": "ECDHE-RSA-AES128-GCM-SHA256",
            "version": "1.2",
            "version_protocol": "TLS"
        },
        "url": {
            "extension": "php",
            "original": "/appl/ajaxhelper.php?cmd=getxicoreajax&opts=%7B%22func%22%3A%22get_pagetop_alert_content_html%22%2C%22args%22%3A%22%22%7D&nsp=c2700eab9797eda8a9f65a3ab17a6adbceccd60a6cca7708650a5923950d",
            "path": "/appl/ajaxhelper.php?cmd=getxicoreajax&opts=%7B%22func%22%3A%22get_pagetop_alert_content_html%22%2C%22args%22%3A%22%22%7D&nsp=c2700eab9797eda8a9f65a3ab17a6adbceccd60a6cca7708650a5923950d",
            "query": "cmd=getxicoreajax&opts=%7B%22func%22%3A%22get_pagetop_alert_content_html%22%2C%22args%22%3A%22%22%7D&nsp=c2700eab9797eda8a9f65a3ab17a6adbceccd60a6cca7708650a5923950d"
        },
        "wazuh": {
            "decoders": [
                "apache-access"
            ],
            "location": "[001] (wazuh-agent-1) any->/var/log/apache2/access.log",
            "origin": "/var/log/apache2/access.log",
            "queue": 49,
            "registered_ip": "any",
            "source": "logcollector"
        }
    }
]
