[
    {
        "agent": {
            "id": "001",
            "name": "wazuh-agent-1",
            "type": "wazuh-agent"
        },
        "event": {
            "category": [
                "web"
            ],
            "created": "2020-12-12T11:18:09.000Z",
            "dataset": "apache-access",
            "kind": "event",
            "module": "apache-http",
            "original": "127.0.0.1 - - [12/Dec/2020:11:18:09 +0000] \"GET / HTTP/1.1\" 200 491 \"-\" \"Wget/1.13.4 (linux-gnu)\"",
            "outcome": "success"
        },
        "host": {
            "id": "001"
        },
        "http": {
            "request": {
                "method": "GET",
                "referrer": "-"
            },
            "response": {
                "body": {
                    "bytes": 491
                },
                "status_code": 200
            },
            "version": "1.1"
        },
        "service": {
            "type": "apache"
        },
        "source": {
            "address": "127.0.0.1",
            "ip": "127.0.0.1"
        },
        "url": {
            "original": "/",
            "path": "/"
        },
        "user": {
            "name": "-"
        },
        "user_agent": {
            "original": "Wget/1.13.4 (linux-gnu)"
        },
        "wazuh": {
            "decoders": [
                "apache-access"
            ],
            "location": "[001] (wazuh-agent-1) any->/var/log/apache2/access.log",
            "origin": "/var/log/apache2/access.log",
            "queue": 49,
            "registered_ip": "any",
            "source": "logcollector"
        }
    },
    {
        "agent": {
            "id": "001",
            "name": "wazuh-agent-1",
            "type": "wazuh-agent"
        },
        "event": {
            "category": [
                "web"
            ],
            "created": "2020-12-12T11:22:00.000Z",
            "dataset": "apache-access",
            "kind": "event",
            "module": "apache-http",
            "original": "192.168.3.1 - - [12/Dec/2020:11:22:00 +0000] \"GET / HTTP/1.1\" 200 484 \"-\" \"Mozilla/5.0 (Macintosh; Intel Mac OS X 10_12_0) AppleWebKit/537.36 (KHTML, like Gecko) Chrome/54.0.2840.98 Safari/537.36\"",
            "outcome": "success"
        },
        "host": {
            "id": "001"
        },
        "http": {
            "request": {
                "method": "GET",
                "referrer": "-"
            },
            "response": {
                "body": {
                    "bytes": 484
                },
                "status_code": 200
            },
            "version": "1.1"
        },
        "service": {
            "type": "apache"
        },
        "source": {
            "address": "192.168.3.1",
            "ip": "192.168.3.1"
        },
        "url": {
            "original": "/",
            "path": "/"
        },
        "user": {
            "name": "-"
        },
        "user_agent": {
            "original": "Mozilla/5.0 (Macintosh; Intel Mac OS X 10_12_0) AppleWebKit/537.36 (KHTML, like Gecko) Chrome/54.0.2840.98 Safari/537.36"
        },
        "wazuh": {
            "decoders": [
                "apache-access"
            ],
            "location": "[001] (wazuh-agent-1) any->/var/log/apache2/access.log",
            "origin": "/var/log/apache2/access.log",
            "queue": 49,
            "registered_ip": "any",
            "source": "logcollector"
        }
    },
    {
        "agent": {
            "id": "001",
            "name": "wazuh-agent-1",
            "type": "wazuh-agent"
        },
        "event": {
            "category": [
                "web"
            ],
            "created": "2020-12-12T11:22:00.000Z",
            "dataset": "apache-access",
            "kind": "event",
            "module": "apache-http",
            "original": "192.168.3.1 - - [12/Dec/2020:11:22:00 +0000] \"GET /favicon.ico HTTP/1.1\" 404 504 \"http://192.168.33.72/\" \"Mozilla/5.0 (Macintosh; Intel Mac OS X 10_12_0) AppleWebKit/537.36 (KHTML, like Gecko) Chrome/54.0.2840.98 Safari/537.36\"",
            "outcome": "failure"
        },
        "host": {
            "id": "001"
        },
        "http": {
            "request": {
                "method": "GET",
                "referrer": "http://192.168.33.72/"
            },
            "response": {
                "body": {
                    "bytes": 504
                },
                "status_code": 404
            },
            "version": "1.1"
        },
        "service": {
            "type": "apache"
        },
        "source": {
            "address": "192.168.3.1",
            "ip": "192.168.3.1"
        },
        "url": {
            "extension": "ico",
            "original": "/favicon.ico",
            "path": "/favicon.ico"
        },
        "user": {
            "name": "-"
        },
        "user_agent": {
            "original": "Mozilla/5.0 (Macintosh; Intel Mac OS X 10_12_0) AppleWebKit/537.36 (KHTML, like Gecko) Chrome/54.0.2840.98 Safari/537.36"
        },
        "wazuh": {
            "decoders": [
                "apache-access"
            ],
            "location": "[001] (wazuh-agent-1) any->/var/log/apache2/access.log",
            "origin": "/var/log/apache2/access.log",
            "queue": 49,
            "registered_ip": "any",
            "source": "logcollector"
        }
    },
    {
        "agent": {
            "id": "001",
            "name": "wazuh-agent-1",
            "type": "wazuh-agent"
        },
        "event": {
            "category": [
                "web"
            ],
            "created": "2020-12-12T11:22:08.000Z",
            "dataset": "apache-access",
            "kind": "event",
            "module": "apache-http",
            "original": "192.168.3.1 - - [12/Dec/2020:11:22:08 +0000] \"GET / HTTP/1.1\" 200 484 \"-\" \"Mozilla/5.0 (Macintosh; Intel Mac OS X 10.12; rv:50.0) Gecko/20100101 Firefox/50.0\"",
            "outcome": "success"
        },
        "host": {
            "id": "001"
        },
        "http": {
            "request": {
                "method": "GET",
                "referrer": "-"
            },
            "response": {
                "body": {
                    "bytes": 484
                },
                "status_code": 200
            },
            "version": "1.1"
        },
        "service": {
            "type": "apache"
        },
        "source": {
            "address": "192.168.3.1",
            "ip": "192.168.3.1"
        },
        "url": {
            "original": "/",
            "path": "/"
        },
        "user": {
            "name": "-"
        },
        "user_agent": {
            "original": "Mozilla/5.0 (Macintosh; Intel Mac OS X 10.12; rv:50.0) Gecko/20100101 Firefox/50.0"
        },
        "wazuh": {
            "decoders": [
                "apache-access"
            ],
            "location": "[001] (wazuh-agent-1) any->/var/log/apache2/access.log",
            "origin": "/var/log/apache2/access.log",
            "queue": 49,
            "registered_ip": "any",
            "source": "logcollector"
        }
    },
    {
        "agent": {
            "id": "001",
            "name": "wazuh-agent-1",
            "type": "wazuh-agent"
        },
        "event": {
            "category": [
                "web"
            ],
            "created": "2020-12-12T11:22:08.000Z",
            "dataset": "apache-access",
            "kind": "event",
            "module": "apache-http",
            "original": "192.168.3.1 - - [12/Dec/2020:11:22:08 +0000] \"GET /favicon.ico HTTP/1.1\" 404 504 \"-\" \"Mozilla/5.0 (Macintosh; Intel Mac OS X 10.12; rv:50.0) Gecko/20100101 Firefox/50.0\"",
            "outcome": "failure"
        },
        "host": {
            "id": "001"
        },
        "http": {
            "request": {
                "method": "GET",
                "referrer": "-"
            },
            "response": {
                "body": {
                    "bytes": 504
                },
                "status_code": 404
            },
            "version": "1.1"
        },
        "service": {
            "type": "apache"
        },
        "source": {
            "address": "192.168.3.1",
            "ip": "192.168.3.1"
        },
        "url": {
            "extension": "ico",
            "original": "/favicon.ico",
            "path": "/favicon.ico"
        },
        "user": {
            "name": "-"
        },
        "user_agent": {
            "original": "Mozilla/5.0 (Macintosh; Intel Mac OS X 10.12; rv:50.0) Gecko/20100101 Firefox/50.0"
        },
        "wazuh": {
            "decoders": [
                "apache-access"
            ],
            "location": "[001] (wazuh-agent-1) any->/var/log/apache2/access.log",
            "origin": "/var/log/apache2/access.log",
            "queue": 49,
            "registered_ip": "any",
            "source": "logcollector"
        }
    },
    {
        "agent": {
            "id": "001",
            "name": "wazuh-agent-1",
            "type": "wazuh-agent"
        },
        "event": {
            "category": [
                "web"
            ],
            "created": "2020-12-12T11:22:08.000Z",
            "dataset": "apache-access",
            "kind": "event",
            "module": "apache-http",
            "original": "192.168.3.1 - - [12/Dec/2020:11:22:08 +0000] \"GET /favicon.ico HTTP/1.1\" 404 504 \"-\" \"Mozilla/5.0 (Macintosh; Intel Mac OS X 10.12; rv:50.0) Gecko/20100101 Firefox/50.0\"",
            "outcome": "failure"
        },
        "host": {
            "id": "001"
        },
        "http": {
            "request": {
                "method": "GET",
                "referrer": "-"
            },
            "response": {
                "body": {
                    "bytes": 504
                },
                "status_code": 404
            },
            "version": "1.1"
        },
        "service": {
            "type": "apache"
        },
        "source": {
            "address": "192.168.3.1",
            "ip": "192.168.3.1"
        },
        "url": {
            "extension": "ico",
            "original": "/favicon.ico",
            "path": "/favicon.ico"
        },
        "user": {
            "name": "-"
        },
        "user_agent": {
            "original": "Mozilla/5.0 (Macintosh; Intel Mac OS X 10.12; rv:50.0) Gecko/20100101 Firefox/50.0"
        },
        "wazuh": {
            "decoders": [
                "apache-access"
            ],
            "location": "[001] (wazuh-agent-1) any->/var/log/apache2/access.log",
            "origin": "/var/log/apache2/access.log",
            "queue": 49,
            "registered_ip": "any",
            "source": "logcollector"
        }
    },
    {
        "agent": {
            "id": "001",
            "name": "wazuh-agent-1",
            "type": "wazuh-agent"
        },
        "event": {
            "category": [
                "web"
            ],
            "created": "2020-12-12T11:22:10.000Z",
            "dataset": "apache-access",
            "kind": "event",
            "module": "apache-http",
            "original": "192.168.3.1 - - [12/Dec/2020:11:22:10 +0000] \"GET /test HTTP/1.1\" 404 498 \"-\" \"Mozilla/5.0 (Macintosh; Intel Mac OS X 10.12; rv:50.0) Gecko/20100101 Firefox/50.0\"",
            "outcome": "failure"
        },
        "host": {
            "id": "001"
        },
        "http": {
            "request": {
                "method": "GET",
                "referrer": "-"
            },
            "response": {
                "body": {
                    "bytes": 498
                },
                "status_code": 404
            },
            "version": "1.1"
        },
        "service": {
            "type": "apache"
        },
        "source": {
            "address": "192.168.3.1",
            "ip": "192.168.3.1"
        },
        "url": {
            "original": "/test",
            "path": "/test"
        },
        "user": {
            "name": "-"
        },
        "user_agent": {
            "original": "Mozilla/5.0 (Macintosh; Intel Mac OS X 10.12; rv:50.0) Gecko/20100101 Firefox/50.0"
        },
        "wazuh": {
            "decoders": [
                "apache-access"
            ],
            "location": "[001] (wazuh-agent-1) any->/var/log/apache2/access.log",
            "origin": "/var/log/apache2/access.log",
            "queue": 49,
            "registered_ip": "any",
            "source": "logcollector"
        }
    },
    {
        "agent": {
            "id": "001",
            "name": "wazuh-agent-1",
            "type": "wazuh-agent"
        },
        "event": {
            "category": [
                "web"
            ],
            "created": "2020-12-12T11:22:13.000Z",
            "dataset": "apache-access",
            "kind": "event",
            "module": "apache-http",
            "original": "192.168.3.1 - - [12/Dec/2020:11:22:13 +0000] \"GET /hello HTTP/1.1\" 404 499 \"-\" \"Mozilla/5.0 (Macintosh; Intel Mac OS X 10.12; rv:50.0) Gecko/20100101 Firefox/50.0\"",
            "outcome": "failure"
        },
        "host": {
            "id": "001"
        },
        "http": {
            "request": {
                "method": "GET",
                "referrer": "-"
            },
            "response": {
                "body": {
                    "bytes": 499
                },
                "status_code": 404
            },
            "version": "1.1"
        },
        "service": {
            "type": "apache"
        },
        "source": {
            "address": "192.168.3.1",
            "ip": "192.168.3.1"
        },
        "url": {
            "original": "/hello",
            "path": "/hello"
        },
        "user": {
            "name": "-"
        },
        "user_agent": {
            "original": "Mozilla/5.0 (Macintosh; Intel Mac OS X 10.12; rv:50.0) Gecko/20100101 Firefox/50.0"
        },
        "wazuh": {
            "decoders": [
                "apache-access"
            ],
            "location": "[001] (wazuh-agent-1) any->/var/log/apache2/access.log",
            "origin": "/var/log/apache2/access.log",
            "queue": 49,
            "registered_ip": "any",
            "source": "logcollector"
        }
    },
    {
        "agent": {
            "id": "001",
            "name": "wazuh-agent-1",
            "type": "wazuh-agent"
        },
        "event": {
            "category": [
                "web"
            ],
            "created": "2020-12-12T11:22:17.000Z",
            "dataset": "apache-access",
            "kind": "event",
            "module": "apache-http",
            "original": "192.168.3.1 - - [12/Dec/2020:11:22:17 +0000] \"GET /crap HTTP/1.1\" 404 499 \"-\" \"Mozilla/5.0 (Macintosh; Intel Mac OS X 10.12; rv:50.0) Gecko/20100101 Firefox/50.0\"",
            "outcome": "failure"
        },
        "host": {
            "id": "001"
        },
        "http": {
            "request": {
                "method": "GET",
                "referrer": "-"
            },
            "response": {
                "body": {
                    "bytes": 499
                },
                "status_code": 404
            },
            "version": "1.1"
        },
        "service": {
            "type": "apache"
        },
        "source": {
            "address": "192.168.3.1",
            "ip": "192.168.3.1"
        },
        "url": {
            "original": "/crap",
            "path": "/crap"
        },
        "user": {
            "name": "-"
        },
        "user_agent": {
            "original": "Mozilla/5.0 (Macintosh; Intel Mac OS X 10.12; rv:50.0) Gecko/20100101 Firefox/50.0"
        },
        "wazuh": {
            "decoders": [
                "apache-access"
            ],
            "location": "[001] (wazuh-agent-1) any->/var/log/apache2/access.log",
            "origin": "/var/log/apache2/access.log",
            "queue": 49,
            "registered_ip": "any",
            "source": "logcollector"
        }
    }
]
