[
    {
        "agent": {
            "id": "001",
            "name": "wazuh-agent-1",
            "type": "wazuh-agent"
        },
        "destination": {
            "domain": "vhost1.domaine.fr"
        },
        "event": {
            "category": [
                "web"
            ],
            "created": "2021-12-26T09:22:14.000Z",
            "dataset": "apache-access",
            "kind": "event",
            "module": "apache-http",
            "original": "vhost1.domaine.fr 192.168.3.2 - - [26/Dec/2021:11:22:14 +0200] \"GET /hello HTTP/1.1\" 404 499 \"-\" \"Mozilla/5.0 (Macintosh; Intel Mac OS X 10.12; rv:50.0) Gecko/20100101 Firefox/50.0\"",
            "outcome": "failure"
        },
        "host": {
            "id": "001"
        },
        "http": {
            "request": {
                "method": "GET",
                "referrer": "-"
            },
            "response": {
                "body": {
                    "bytes": 499
                },
                "status_code": 404
            },
            "version": "1.1"
        },
        "service": {
            "type": "apache"
        },
        "source": {
            "address": "192.168.3.2",
            "ip": "192.168.3.2"
        },
        "url": {
            "domain": "vhost1.domaine.fr",
            "original": "/hello",
            "path": "/hello"
        },
        "user": {
            "name": "-"
        },
        "user_agent": {
            "original": "Mozilla/5.0 (Macintosh; Intel Mac OS X 10.12; rv:50.0) Gecko/20100101 Firefox/50.0"
        },
        "wazuh": {
            "decoders": [
                "apache-access"
            ],
            "location": "[001] (wazuh-agent-1) any->/var/log/apache2/access.log",
            "origin": "/var/log/apache2/access.log",
            "queue": 49,
            "registered_ip": "any",
            "source": "logcollector"
        }
    }
]
