[
  {
    "agent": {
      "id": "001",
      "name": "wazuh-agent-1",
      "type": "wazuh-agent"
    },
    "event": {
      "action": "ssh_login",
      "category": [
        "authentication"
      ],
      "dataset": "system-auth",
      "kind": "event",
      "module": "system",
      "original": "Feb 22 16:45:20 host01 sshd[1001]: Failed password for root from 192.168.1.1 port 1786 ssh2",
      "outcome": "failure",
      "start": "2024-02-22T16:45:20.000Z",
      "type": [
        "info"
      ]
    },
    "host": {
      "hostname": "host01",
      "id": "001"
    },
    "message": "Failed password for root from 192.168.1.1 port 1786 ssh2",
    "process": {
      "name": "sshd",
      "pid": 1001
    },
    "related": {
      "hosts": [
        "host01"
      ],
      "ip": [
        "192.168.1.1"
      ],
      "user": [
        "root"
      ]
    },
    "source": {
      "address": "192.168.1.1",
      "domain": "192.168.1.1",
      "ip": "192.168.1.1",
      "port": 1786
    },
    "user": {
      "name": "root"
    },
    "wazuh": {
      "decoders": [
        "syslog",
        "system-auth"
      ],
      "location": "[001] (wazuh-agent-1) any->/test/auth.log",
      "origin": "/test/auth.log",
      "queue": 49,
      "registered_ip": "any",
      "source": "logcollector"
    }
  },
  {
    "agent": {
      "id": "001",
      "name": "wazuh-agent-1",
      "type": "wazuh-agent"
    },
    "event": {
      "dataset": "system-auth",
      "kind": "event",
      "module": "system",
      "original": "Feb 22 16:45:20 host01 sshd[1001]: pam_succeed_if(sshd:auth): requirement \"uid >= 1000\" not met by user \"root\"",
      "outcome": "failure",
      "start": "2024-02-22T16:45:20.000Z"
    },
    "host": {
      "hostname": "host01",
      "id": "001"
    },
    "message": "pam_succeed_if(sshd:auth): requirement \"uid >= 1000\" not met by user \"root\"",
    "process": {
      "name": "sshd",
      "pid": 1001
    },
    "related": {
      "hosts": [
        "host01"
      ],
      "user": [
        "root"
      ]
    },
    "user": {
      "name": "root"
    },
    "wazuh": {
      "decoders": [
        "syslog",
        "system-auth"
      ],
      "location": "[001] (wazuh-agent-1) any->/test/auth.log",
      "origin": "/test/auth.log",
      "queue": 49,
      "registered_ip": "any",
      "source": "logcollector"
    }
  },
  {
    "agent": {
      "id": "001",
      "name": "wazuh-agent-1",
      "type": "wazuh-agent"
    },
    "event": {
      "action": "ssh_login",
      "category": [
        "authentication"
      ],
      "dataset": "system-auth",
      "kind": "event",
      "module": "system",
      "original": "Feb 22 16:45:26 host01 sshd[1001]: fatal: Read from socket failed: Connection reset by peer [preauth]",
      "outcome": "failure",
      "start": "2024-02-22T16:45:26.000Z",
      "type": [
        "info"
      ]
    },
    "host": {
      "hostname": "host01",
      "id": "001"
    },
    "message": "fatal: Read from socket failed: Connection reset by peer [preauth]",
    "process": {
      "name": "sshd",
      "pid": 1001
    },
    "related": {
      "hosts": [
        "host01"
      ]
    },
    "wazuh": {
      "decoders": [
        "syslog",
        "system-auth"
      ],
      "location": "[001] (wazuh-agent-1) any->/test/auth.log",
      "origin": "/test/auth.log",
      "queue": 49,
      "registered_ip": "any",
      "source": "logcollector"
    }
  },
  {
    "agent": {
      "id": "001",
      "name": "wazuh-agent-1",
      "type": "wazuh-agent"
    },
    "event": {
      "category": [
        "authentication",
        "session"
      ],
      "dataset": "system-auth",
      "kind": "event",
      "module": "system",
      "original": "Feb 22 16:45:26 host01 sshd[1001]: PAM 4 more authentication failures; logname= uid=0 euid=0 tty=ssh ruser= rhost=192.168.1.1 user=root",
      "outcome": "failure",
      "start": "2024-02-22T16:45:26.000Z"
    },
    "host": {
      "hostname": "host01",
      "id": "001"
    },
    "message": "PAM 4 more authentication failures; logname= uid=0 euid=0 tty=ssh ruser= rhost=192.168.1.1 user=root",
    "process": {
      "name": "sshd",
      "pid": 1001
    },
    "related": {
      "hosts": [
        "host01"
      ],
      "ip": [
        "192.168.1.1"
      ],
      "user": [
        "root"
      ]
    },
    "source": {
      "address": "192.168.1.1",
      "domain": "192.168.1.1",
      "ip": "192.168.1.1"
    },
    "user": {
      "effective": {
        "id": "0"
      },
      "id": "0",
      "name": "root"
    },
    "wazuh": {
      "decoders": [
        "syslog",
        "system-auth"
      ],
      "location": "[001] (wazuh-agent-1) any->/test/auth.log",
      "origin": "/test/auth.log",
      "queue": 49,
      "registered_ip": "any",
      "source": "logcollector"
    }
  },
  {
    "agent": {
      "id": "001",
      "name": "wazuh-agent-1",
      "type": "wazuh-agent"
    },
    "event": {
      "dataset": "system-auth",
      "kind": "event",
      "module": "system",
      "original": "Feb 22 16:45:26 host01 sshd[1001]: PAM service(sshd) ignoring max retries; 5 > 3",
      "outcome": "success",
      "start": "2024-02-22T16:45:26.000Z"
    },
    "host": {
      "hostname": "host01",
      "id": "001"
    },
    "message": "PAM service(sshd) ignoring max retries; 5 > 3",
    "process": {
      "name": "sshd",
      "pid": 1001
    },
    "related": {
      "hosts": [
        "host01"
      ]
    },
    "wazuh": {
      "decoders": [
        "syslog",
        "system-auth"
      ],
      "location": "[001] (wazuh-agent-1) any->/test/auth.log",
      "origin": "/test/auth.log",
      "queue": 49,
      "registered_ip": "any",
      "source": "logcollector"
    }
  },
  {
    "agent": {
      "id": "001",
      "name": "wazuh-agent-1",
      "type": "wazuh-agent"
    },
    "event": {
      "dataset": "system-auth",
      "kind": "event",
      "module": "system",
      "original": "Feb 22 16:45:32 host01 sshd[1002]: pam_unix(sshd:auth): authentication failure; logname= uid=0 euid=0 tty=ssh ruser= rhost=192.168.1.1 user=root",
      "outcome": "success",
      "start": "2024-02-22T16:45:32.000Z"
    },
    "host": {
      "hostname": "host01",
      "id": "001"
    },
    "message": "pam_unix(sshd:auth): authentication failure; logname= uid=0 euid=0 tty=ssh ruser= rhost=192.168.1.1 user=root",
    "process": {
      "name": "sshd",
      "pid": 1002
    },
    "related": {
      "hosts": [
        "host01"
      ]
    },
    "wazuh": {
      "decoders": [
        "syslog",
        "system-auth"
      ],
      "location": "[001] (wazuh-agent-1) any->/test/auth.log",
      "origin": "/test/auth.log",
      "queue": 49,
      "registered_ip": "any",
      "source": "logcollector"
    }
  },
  {
    "agent": {
      "id": "001",
      "name": "wazuh-agent-1",
      "type": "wazuh-agent"
    },
    "event": {
      "category": [
        "process"
      ],
      "dataset": "system-auth",
      "kind": "event",
      "module": "system",
      "original": "Feb 22 17:04:51 host01 sudo:     user2 : TTY=pts/0 ; PWD=/home/user2 ; USER=root ; COMMAND=/bin/cp /var/log/secure .",
      "outcome": "success",
      "start": "2024-02-22T17:04:51.000Z"
    },
    "host": {
      "hostname": "host01",
      "id": "001"
    },
    "message": "user2 : TTY=pts/0 ; PWD=/home/user2 ; USER=root ; COMMAND=/bin/cp /var/log/secure .",
    "process": {
      "command_line": "/bin/cp /var/log/secure .",
      "name": "sudo",
      "working_directory": "/home/user2"
    },
    "related": {
      "hosts": [
        "host01"
      ],
      "user": [
        "user2",
        "root"
      ]
    },
    "user": {
      "effective": {
        "name": "root"
      },
      "name": "user2"
    },
    "wazuh": {
      "decoders": [
        "syslog",
        "system-auth"
      ],
      "location": "[001] (wazuh-agent-1) any->/test/auth.log",
      "origin": "/test/auth.log",
      "queue": 49,
      "registered_ip": "any",
      "source": "logcollector"
    }
  }
]
