[
    {
        "agent": {
            "id": "001",
            "name": "wazuh-agent-1",
            "type": "wazuh-agent"
        },
        "event": {
            "category": [
                "web"
            ],
            "created": "2016-12-26T16:15:55.103Z",
            "dataset": "apache-error",
            "kind": "event",
            "module": "apache-http",
            "original": "[Mon Dec 26 16:15:55.103522 2016] [mpm_prefork:notice] [pid 11379] AH00163: Apache/2.4.23 (Unix) configured -- resuming normal operations",
            "type": [
                "info"
            ]
        },
        "host": {
            "id": "001"
        },
        "log": {
            "level": "notice",
            "logger": "mpm_prefork"
        },
        "message": "AH00163: Apache/2.4.23 (Unix) configured -- resuming normal operations",
        "process": {
            "pid": 11379
        },
        "service": {
            "type": "apache"
        },
        "wazuh": {
            "decoders": [
                "apache-error"
            ],
            "location": "[001] (wazuh-agent-1) any->/var/log/apache2/error.log",
            "origin": "/var/log/apache2/error.log",
            "queue": 49,
            "registered_ip": "any",
            "source": "logcollector"
        }
    },
    {
        "agent": {
            "id": "001",
            "name": "wazuh-agent-1",
            "type": "wazuh-agent"
        },
        "event": {
            "category": [
                "web"
            ],
            "created": "2016-12-26T16:15:55.103Z",
            "dataset": "apache-error",
            "kind": "event",
            "module": "apache-http",
            "original": "[Mon Dec 26 16:15:55.103786 2016] [core:notice] [pid 11379] AH00094: Command line: '/usr/local/Cellar/httpd24/2.4.23_2/bin/httpd'",
            "type": [
                "info"
            ]
        },
        "host": {
            "id": "001"
        },
        "log": {
            "level": "notice",
            "logger": "core"
        },
        "message": "AH00094: Command line: '/usr/local/Cellar/httpd24/2.4.23_2/bin/httpd'",
        "process": {
            "pid": 11379
        },
        "service": {
            "type": "apache"
        },
        "wazuh": {
            "decoders": [
                "apache-error"
            ],
            "location": "[001] (wazuh-agent-1) any->/var/log/apache2/error.log",
            "origin": "/var/log/apache2/error.log",
            "queue": 49,
            "registered_ip": "any",
            "source": "logcollector"
        }
    }
]
